0 verbose cli C:\Program Files\nodejs\node.exe C:\Program Files\nodejs\node_modules\npm\bin\npm-cli.js
1 info using npm@11.6.2
2 info using node@v25.2.1
3 silly config load:file:C:\Program Files\nodejs\node_modules\npm\npmrc
4 silly config load:file:C:\Users\vedan\Downloads\AVRGREEN-Nursery-Management-System-main\AVRGREEN-Nursery-Management-System-main\backend\.npmrc
5 silly config load:file:C:\Users\vedan\.npmrc
6 silly config load:file:C:\Users\vedan\AppData\Roaming\npm\etc\npmrc
7 verbose title npm install typescript@5.3.3 @types/node@20.11.24
8 verbose argv "install" "--no-save" "--cache" ".npm-cache" "--strict-ssl" "false" "--legacy-peer-deps" "--no-audit" "--no-fund" "typescript@5.3.3" "@types/node@20.11.24"
9 verbose logfile logs-max:10 dir:C:\Users\vedan\Downloads\AVRGREEN-Nursery-Management-System-main\AVRGREEN-Nursery-Management-System-main\backend\.npm-cache\_logs\2026-08-26T16_19_58_050Z-
10 verbose logfile C:\Users\vedan\Downloads\AVRGREEN-Nursery-Management-System-main\AVRGREEN-Nursery-Management-System-main\backend\.npm-cache\_logs\2026-08-26T16_19_58_050Z-debug-0.log
11 silly logfile done cleaning log files
12 silly packumentCache heap:4496293888 maxSize:1124073472 maxEntrySize:562036736
13 silly idealTree buildDeps
14 silly fetch manifest @types/node@20.11.24
15 silly packumentCache full:https://registry.npmjs.org/@types%2fnode cache-miss
16 verbose shrinkwrap failed to load node_modules/.package-lock.json missing from lockfile: node_modules/cron-parser/node_modules/luxon
17 http fetch GET 200 https://registry.npmjs.org/@types%2fnode 315ms (cache revalidated)
18 silly packumentCache full:https://registry.npmjs.org/@types%2fnode set size:11092436 disposed:false
19 silly fetch manifest typescript@5.3.3
20 silly packumentCache full:https://registry.npmjs.org/typescript cache-miss
21 http fetch GET 200 https://registry.npmjs.org/typescript 80ms (cache revalidated)
22 silly packumentCache full:https://registry.npmjs.org/typescript set size:15597675 disposed:false
23 silly placeDep ROOT @types/node@20.11.24 REPLACE for: avrgreen-backend@1.0.0 want: 20.11.24
24 silly placeDep ROOT typescript@5.3.3 REPLACE for: avrgreen-backend@1.0.0 want: 5.3.3
25 silly fetch manifest undici-types@~5.26.4
26 silly packumentCache full:https://registry.npmjs.org/undici-types cache-miss
27 http fetch GET 200 https://registry.npmjs.org/undici-types 57ms (cache revalidated)
28 silly packumentCache full:https://registry.npmjs.org/undici-types set size:250438 disposed:false
29 silly placeDep ROOT undici-types@5.26.5 OK for: @types/node@20.11.24 want: ~5.26.4
30 silly reify mark retired [
30 silly reify   'C:\\Users\\vedan\\Downloads\\AVRGREEN-Nursery-Management-System-main\\AVRGREEN-Nursery-Management-System-main\\backend\\node_modules\\cron-parser\\node_modules\\luxon'
30 silly reify ]
31 silly reify mark retired [
31 silly reify   'C:\\Users\\vedan\\Downloads\\AVRGREEN-Nursery-Management-System-main\\AVRGREEN-Nursery-Management-System-main\\backend\\node_modules\\typescript',
31 silly reify   'C:\\Users\\vedan\\Downloads\\AVRGREEN-Nursery-Management-System-main\\AVRGREEN-Nursery-Management-System-main\\backend\\node_modules\\.bin\\tsc',
31 silly reify   'C:\\Users\\vedan\\Downloads\\AVRGREEN-Nursery-Management-System-main\\AVRGREEN-Nursery-Management-System-main\\backend\\node_modules\\.bin\\tsc.cmd',
31 silly reify   'C:\\Users\\vedan\\Downloads\\AVRGREEN-Nursery-Management-System-main\\AVRGREEN-Nursery-Management-System-main\\backend\\node_modules\\.bin\\tsc.ps1',
31 silly reify   'C:\\Users\\vedan\\Downloads\\AVRGREEN-Nursery-Management-System-main\\AVRGREEN-Nursery-Management-System-main\\backend\\node_modules\\.bin\\tsserver',
31 silly reify   'C:\\Users\\vedan\\Downloads\\AVRGREEN-Nursery-Management-System-main\\AVRGREEN-Nursery-Management-System-main\\backend\\node_modules\\.bin\\tsserver.cmd',
31 silly reify   'C:\\Users\\vedan\\Downloads\\AVRGREEN-Nursery-Management-System-main\\AVRGREEN-Nursery-Management-System-main\\backend\\node_modules\\.bin\\tsserver.ps1'
31 silly reify ]
32 silly reify mark retired [
32 silly reify   'C:\\Users\\vedan\\Downloads\\AVRGREEN-Nursery-Management-System-main\\AVRGREEN-Nursery-Management-System-main\\backend\\node_modules\\undici-types'
32 silly reify ]
33 silly reify mark retired [
33 silly reify   'C:\\Users\\vedan\\Downloads\\AVRGREEN-Nursery-Management-System-main\\AVRGREEN-Nursery-Management-System-main\\backend\\node_modules\\@types\\node'
33 silly reify ]
34 silly reify moves {
34 silly reify   'C:\\Users\\vedan\\Downloads\\AVRGREEN-Nursery-Management-System-main\\AVRGREEN-Nursery-Management-System-main\\backend\\node_modules\\cron-parser\\node_modules\\luxon': 'C:\\Users\\vedan\\Downloads\\AVRGREEN-Nursery-Management-System-main\\AVRGREEN-Nursery-Management-System-main\\backend\\node_modules\\cron-parser\\node_modules\\.luxon-V0hSbls9',
34 silly reify   'C:\\Users\\vedan\\Downloads\\AVRGREEN-Nursery-Management-System-main\\AVRGREEN-Nursery-Management-System-main\\backend\\node_modules\\typescript': 'C:\\Users\\vedan\\Downloads\\AVRGREEN-Nursery-Management-System-main\\AVRGREEN-Nursery-Management-System-main\\backend\\node_modules\\.typescript-XrwBGtMZ',
34 silly reify   'C:\\Users\\vedan\\Downloads\\AVRGREEN-Nursery-Management-System-main\\AVRGREEN-Nursery-Management-System-main\\backend\\node_modules\\.bin\\tsc': 'C:\\Users\\vedan\\Downloads\\AVRGREEN-Nursery-Management-System-main\\AVRGREEN-Nursery-Management-System-main\\backend\\node_modules\\.bin\\.tsc-g0HSNejD',
34 silly reify   'C:\\Users\\vedan\\Downloads\\AVRGREEN-Nursery-Management-System-main\\AVRGREEN-Nursery-Management-System-main\\backend\\node_modules\\.bin\\tsc.cmd': 'C:\\Users\\vedan\\Downloads\\AVRGREEN-Nursery-Management-System-main\\AVRGREEN-Nursery-Management-System-main\\backend\\node_modules\\.bin\\.tsc.cmd-IK1m5o5d',
34 silly reify   'C:\\Users\\vedan\\Downloads\\AVRGREEN-Nursery-Management-System-main\\AVRGREEN-Nursery-Management-System-main\\backend\\node_modules\\.bin\\tsc.ps1': 'C:\\Users\\vedan\\Downloads\\AVRGREEN-Nursery-Management-System-main\\AVRGREEN-Nursery-Management-System-main\\backend\\node_modules\\.bin\\.tsc.ps1-8w38cpP1',
34 silly reify   'C:\\Users\\vedan\\Downloads\\AVRGREEN-Nursery-Management-System-main\\AVRGREEN-Nursery-Management-System-main\\backend\\node_modules\\.bin\\tsserver': 'C:\\Users\\vedan\\Downloads\\AVRGREEN-Nursery-Management-System-main\\AVRGREEN-Nursery-Management-System-main\\backend\\node_modules\\.bin\\.tsserver-Y4eLilYs',
34 silly reify   'C:\\Users\\vedan\\Downloads\\AVRGREEN-Nursery-Management-System-main\\AVRGREEN-Nursery-Management-System-main\\backend\\node_modules\\.bin\\tsserver.cmd': 'C:\\Users\\vedan\\Downloads\\AVRGREEN-Nursery-Management-System-main\\AVRGREEN-Nursery-Management-System-main\\backend\\node_modules\\.bin\\.tsserver.cmd-0F6hQZ1L',
34 silly reify   'C:\\Users\\vedan\\Downloads\\AVRGREEN-Nursery-Management-System-main\\AVRGREEN-Nursery-Management-System-main\\backend\\node_modules\\.bin\\tsserver.ps1': 'C:\\Users\\vedan\\Downloads\\AVRGREEN-Nursery-Management-System-main\\AVRGREEN-Nursery-Management-System-main\\backend\\node_modules\\.bin\\.tsserver.ps1-VNoWxP1C',
34 silly reify   'C:\\Users\\vedan\\Downloads\\AVRGREEN-Nursery-Management-System-main\\AVRGREEN-Nursery-Management-System-main\\backend\\node_modules\\undici-types': 'C:\\Users\\vedan\\Downloads\\AVRGREEN-Nursery-Management-System-main\\AVRGREEN-Nursery-Management-System-main\\backend\\node_modules\\.undici-types-bOXT9TI5',
34 silly reify   'C:\\Users\\vedan\\Downloads\\AVRGREEN-Nursery-Management-System-main\\AVRGREEN-Nursery-Management-System-main\\backend\\node_modules\\@types\\node': 'C:\\Users\\vedan\\Downloads\\AVRGREEN-Nursery-Management-System-main\\AVRGREEN-Nursery-Management-System-main\\backend\\node_modules\\@types\\.node-5atrMlUu'
34 silly reify }
35 http cache @types/node@https://registry.npmjs.org/@types/node/-/node-20.11.24.tgz 0ms (cache hit)
36 http cache luxon@https://registry.npmjs.org/luxon/-/luxon-3.7.2.tgz 0ms (cache hit)
37 silly tarball no local data for @types/node@https://registry.npmjs.org/@types/node/-/node-20.11.24.tgz. Extracting by manifest.
38 http cache undici-types@https://registry.npmjs.org/undici-types/-/undici-types-5.26.5.tgz 0ms (cache hit)
39 http cache typescript@https://registry.npmjs.org/typescript/-/typescript-5.3.3.tgz 1ms (cache hit)
40 silly tarball no local data for undici-types@https://registry.npmjs.org/undici-types/-/undici-types-5.26.5.tgz. Extracting by manifest.
41 silly tarball no local data for typescript@https://registry.npmjs.org/typescript/-/typescript-5.3.3.tgz. Extracting by manifest.
42 http fetch GET 200 https://registry.npmjs.org/undici-types/-/undici-types-5.26.5.tgz 274ms (cache miss)
43 http fetch GET 200 https://registry.npmjs.org/@types/node/-/node-20.11.24.tgz 950ms (cache miss)
44 http fetch GET 200 https://registry.npmjs.org/typescript/-/typescript-5.3.3.tgz 1036ms (cache miss)
45 silly ADD node_modules/luxon
46 silly CHANGE node_modules/@types/node
47 silly CHANGE node_modules/undici-types
48 silly CHANGE node_modules/typescript
49 silly REMOVE node_modules/cron-parser/node_modules/luxon
50 verbose cwd C:\Users\vedan\Downloads\AVRGREEN-Nursery-Management-System-main\AVRGREEN-Nursery-Management-System-main\backend
51 verbose os Windows_NT 10.0.26220
52 verbose node v25.2.1
53 verbose npm  v11.6.2
54 verbose exit 0
55 info ok
