0 verbose cli C:\Program Files\nodejs\node.exe C:\Program Files\nodejs\node_modules\npm\bin\npm-cli.js
1 info using npm@11.6.2
2 info using node@v25.2.1
3 silly config load:file:C:\Program Files\nodejs\node_modules\npm\npmrc
4 silly config load:file:C:\Users\vedan\Downloads\AVRGREEN-Nursery-Management-System-main\AVRGREEN-Nursery-Management-System-main\backend\.npmrc
5 silly config load:file:C:\Users\vedan\.npmrc
6 silly config load:file:C:\Users\vedan\AppData\Roaming\npm\etc\npmrc
7 verbose title npm install uuid@11.0.0
8 verbose argv "install" "--cache" ".npm-cache" "--strict-ssl" "false" "--legacy-peer-deps" "--no-audit" "--no-fund" "uuid@11.0.0"
9 verbose logfile logs-max:10 dir:C:\Users\vedan\Downloads\AVRGREEN-Nursery-Management-System-main\AVRGREEN-Nursery-Management-System-main\backend\.npm-cache\_logs\2026-08-26T16_26_33_569Z-
10 verbose logfile C:\Users\vedan\Downloads\AVRGREEN-Nursery-Management-System-main\AVRGREEN-Nursery-Management-System-main\backend\.npm-cache\_logs\2026-08-26T16_26_33_569Z-debug-0.log
11 silly logfile done cleaning log files
12 silly packumentCache heap:4496293888 maxSize:1124073472 maxEntrySize:562036736
13 silly idealTree buildDeps
14 silly fetch manifest uuid@11.0.0
15 silly packumentCache full:https://registry.npmjs.org/uuid cache-miss
16 http fetch GET 200 https://registry.npmjs.org/uuid 274ms (cache revalidated)
17 silly packumentCache full:https://registry.npmjs.org/uuid set size:260936 disposed:false
18 silly placeDep ROOT uuid@11.0.0 REPLACE for: avrgreen-backend@1.0.0 want: 11.0.0
19 silly reify mark retired [
19 silly reify   'C:\\Users\\vedan\\Downloads\\AVRGREEN-Nursery-Management-System-main\\AVRGREEN-Nursery-Management-System-main\\backend\\node_modules\\uuid',
19 silly reify   'C:\\Users\\vedan\\Downloads\\AVRGREEN-Nursery-Management-System-main\\AVRGREEN-Nursery-Management-System-main\\backend\\node_modules\\.bin\\uuid',
19 silly reify   'C:\\Users\\vedan\\Downloads\\AVRGREEN-Nursery-Management-System-main\\AVRGREEN-Nursery-Management-System-main\\backend\\node_modules\\.bin\\uuid.cmd',
19 silly reify   'C:\\Users\\vedan\\Downloads\\AVRGREEN-Nursery-Management-System-main\\AVRGREEN-Nursery-Management-System-main\\backend\\node_modules\\.bin\\uuid.ps1'
19 silly reify ]
20 silly reify moves {
20 silly reify   'C:\\Users\\vedan\\Downloads\\AVRGREEN-Nursery-Management-System-main\\AVRGREEN-Nursery-Management-System-main\\backend\\node_modules\\uuid': 'C:\\Users\\vedan\\Downloads\\AVRGREEN-Nursery-Management-System-main\\AVRGREEN-Nursery-Management-System-main\\backend\\node_modules\\.uuid-7NiLsxsW',
20 silly reify   'C:\\Users\\vedan\\Downloads\\AVRGREEN-Nursery-Management-System-main\\AVRGREEN-Nursery-Management-System-main\\backend\\node_modules\\.bin\\uuid': 'C:\\Users\\vedan\\Downloads\\AVRGREEN-Nursery-Management-System-main\\AVRGREEN-Nursery-Management-System-main\\backend\\node_modules\\.bin\\.uuid-L58ynFAW',
20 silly reify   'C:\\Users\\vedan\\Downloads\\AVRGREEN-Nursery-Management-System-main\\AVRGREEN-Nursery-Management-System-main\\backend\\node_modules\\.bin\\uuid.cmd': 'C:\\Users\\vedan\\Downloads\\AVRGREEN-Nursery-Management-System-main\\AVRGREEN-Nursery-Management-System-main\\backend\\node_modules\\.bin\\.uuid.cmd-dX1OX7wa',
20 silly reify   'C:\\Users\\vedan\\Downloads\\AVRGREEN-Nursery-Management-System-main\\AVRGREEN-Nursery-Management-System-main\\backend\\node_modules\\.bin\\uuid.ps1': 'C:\\Users\\vedan\\Downloads\\AVRGREEN-Nursery-Management-System-main\\AVRGREEN-Nursery-Management-System-main\\backend\\node_modules\\.bin\\.uuid.ps1-ZY0K2bv3'
20 silly reify }
21 http cache uuid@https://registry.npmjs.org/uuid/-/uuid-11.0.0.tgz 0ms (cache hit)
22 silly tarball no local data for uuid@https://registry.npmjs.org/uuid/-/uuid-11.0.0.tgz. Extracting by manifest.
23 http fetch GET 200 https://registry.npmjs.org/uuid/-/uuid-11.0.0.tgz 686ms (cache miss)
24 silly CHANGE node_modules/uuid
25 verbose cwd C:\Users\vedan\Downloads\AVRGREEN-Nursery-Management-System-main\AVRGREEN-Nursery-Management-System-main\backend
26 verbose os Windows_NT 10.0.26220
27 verbose node v25.2.1
28 verbose npm  v11.6.2
29 verbose exit 0
30 info ok
