0 verbose cli C:\Program Files\nodejs\node.exe C:\Program Files\nodejs\node_modules\npm\bin\npm-cli.js
1 info using npm@11.6.2
2 info using node@v25.2.1
3 silly config load:file:C:\Program Files\nodejs\node_modules\npm\npmrc
4 silly config load:file:C:\Users\vedan\Downloads\AVRGREEN-Nursery-Management-System-main\AVRGREEN-Nursery-Management-System-main\backend\.npmrc
5 silly config load:file:C:\Users\vedan\.npmrc
6 silly config load:file:C:\Users\vedan\AppData\Roaming\npm\etc\npmrc
7 verbose title npm install
8 verbose argv "install" "--cache" ".npm-cache" "--loglevel" "verbose"
9 verbose logfile logs-max:10 dir:C:\Users\vedan\Downloads\AVRGREEN-Nursery-Management-System-main\AVRGREEN-Nursery-Management-System-main\backend\.npm-cache\_logs\2026-08-26T16_12_38_066Z-
10 verbose logfile C:\Users\vedan\Downloads\AVRGREEN-Nursery-Management-System-main\AVRGREEN-Nursery-Management-System-main\backend\.npm-cache\_logs\2026-08-26T16_12_38_066Z-debug-0.log
11 silly logfile done cleaning log files
12 silly packumentCache heap:4496293888 maxSize:1124073472 maxEntrySize:562036736
13 silly idealTree buildDeps
14 silly fetch manifest bcryptjs@^2.4.3
15 silly packumentCache full:https://registry.npmjs.org/bcryptjs cache-miss
16 http fetch GET https://registry.npmjs.org/bcryptjs attempt 1 failed with UNABLE_TO_VERIFY_LEAF_SIGNATURE
17 http fetch GET https://registry.npmjs.org/npm attempt 1 failed with UNABLE_TO_VERIFY_LEAF_SIGNATURE
18 http fetch GET https://registry.npmjs.org/npm attempt 2 failed with UNABLE_TO_VERIFY_LEAF_SIGNATURE
19 http fetch GET https://registry.npmjs.org/bcryptjs attempt 2 failed with UNABLE_TO_VERIFY_LEAF_SIGNATURE
20 http fetch GET https://registry.npmjs.org/bcryptjs attempt 3 failed with UNABLE_TO_VERIFY_LEAF_SIGNATURE
21 silly fetch manifest bullmq@^5.1.0
22 silly packumentCache full:https://registry.npmjs.org/bullmq cache-miss
23 http cache https://registry.npmjs.org/bullmq 22ms (cache hit)
24 silly packumentCache full:https://registry.npmjs.org/bullmq set size:4820386 disposed:false
25 silly fetch manifest redis@^4.6.13
26 silly packumentCache full:https://registry.npmjs.org/redis cache-miss
27 http cache https://registry.npmjs.org/redis 11ms (cache hit)
28 silly packumentCache full:https://registry.npmjs.org/redis set size:387572 disposed:false
29 silly fetch manifest redis@>=5.0.0
30 silly packumentCache full:https://registry.npmjs.org/redis cache-hit
31 silly fetch manifest cors@^2.8.5
32 silly packumentCache full:https://registry.npmjs.org/cors cache-miss
33 http cache https://registry.npmjs.org/cors 7ms (cache hit)
34 silly packumentCache full:https://registry.npmjs.org/cors set size:77956 disposed:false
35 silly fetch manifest dotenv@^16.4.5
36 silly packumentCache full:https://registry.npmjs.org/dotenv cache-miss
37 http cache https://registry.npmjs.org/dotenv 6ms (cache hit)
38 silly packumentCache full:https://registry.npmjs.org/dotenv set size:277821 disposed:false
39 silly fetch manifest express@^4.18.3
40 silly packumentCache full:https://registry.npmjs.org/express cache-miss
41 http cache https://registry.npmjs.org/express 7ms (cache hit)
42 silly packumentCache full:https://registry.npmjs.org/express set size:804975 disposed:false
43 silly fetch manifest express-rate-limit@^7.1.5
44 silly packumentCache full:https://registry.npmjs.org/express-rate-limit cache-miss
45 http cache https://registry.npmjs.org/express-rate-limit 8ms (cache hit)
46 silly packumentCache full:https://registry.npmjs.org/express-rate-limit set size:456657 disposed:false
47 silly fetch manifest helmet@^7.1.0
48 silly packumentCache full:https://registry.npmjs.org/helmet cache-miss
49 http cache https://registry.npmjs.org/helmet 7ms (cache hit)
50 silly packumentCache full:https://registry.npmjs.org/helmet set size:345403 disposed:false
51 silly fetch manifest jsonwebtoken@^9.0.2
52 silly packumentCache full:https://registry.npmjs.org/jsonwebtoken cache-miss
53 http cache https://registry.npmjs.org/jsonwebtoken 8ms (cache hit)
54 silly packumentCache full:https://registry.npmjs.org/jsonwebtoken set size:183413 disposed:false
55 silly fetch manifest pg@^8.11.3
56 silly packumentCache full:https://registry.npmjs.org/pg cache-miss
57 http cache https://registry.npmjs.org/pg 7ms (cache hit)
58 silly packumentCache full:https://registry.npmjs.org/pg set size:482398 disposed:false
59 silly fetch manifest pg-native@>=3.0.1
60 silly packumentCache full:https://registry.npmjs.org/pg-native cache-miss
61 http cache https://registry.npmjs.org/pg-native 6ms (cache hit)
62 silly packumentCache full:https://registry.npmjs.org/pg-native set size:94559 disposed:false
63 silly fetch manifest socket.io@^4.7.4
64 silly packumentCache full:https://registry.npmjs.org/socket.io cache-miss
65 http cache https://registry.npmjs.org/socket.io 6ms (cache hit)
66 silly packumentCache full:https://registry.npmjs.org/socket.io set size:379231 disposed:false
67 silly fetch manifest swagger-ui-express@^5.0.0
68 silly packumentCache full:https://registry.npmjs.org/swagger-ui-express cache-miss
69 http cache https://registry.npmjs.org/swagger-ui-express 6ms (cache hit)
70 silly packumentCache full:https://registry.npmjs.org/swagger-ui-express set size:143347 disposed:false
71 silly fetch manifest winston@^3.11.0
72 silly packumentCache full:https://registry.npmjs.org/winston cache-miss
73 http cache https://registry.npmjs.org/winston 6ms (cache hit)
74 silly packumentCache full:https://registry.npmjs.org/winston set size:276467 disposed:false
75 silly fetch manifest zod@^3.22.4
76 silly packumentCache full:https://registry.npmjs.org/zod cache-miss
77 http cache https://registry.npmjs.org/zod 12ms (cache hit)
78 silly packumentCache full:https://registry.npmjs.org/zod set size:4067120 disposed:false
79 silly fetch manifest @types/bcryptjs@^2.4.6
80 silly packumentCache full:https://registry.npmjs.org/@types%2fbcryptjs cache-miss
81 http cache https://registry.npmjs.org/@types%2fbcryptjs 6ms (cache hit)
82 silly packumentCache full:https://registry.npmjs.org/@types%2fbcryptjs set size:28223 disposed:false
83 silly fetch manifest @types/cors@^2.8.17
84 silly packumentCache full:https://registry.npmjs.org/@types%2fcors cache-miss
85 http cache https://registry.npmjs.org/@types%2fcors 6ms (cache hit)
86 silly packumentCache full:https://registry.npmjs.org/@types%2fcors set size:56991 disposed:false
87 silly fetch manifest @types/express@^4.17.21
88 silly packumentCache full:https://registry.npmjs.org/@types%2fexpress cache-miss
89 http cache https://registry.npmjs.org/@types%2fexpress 6ms (cache hit)
90 silly packumentCache full:https://registry.npmjs.org/@types%2fexpress set size:111364 disposed:false
91 silly fetch manifest @types/jsonwebtoken@^9.0.6
92 silly packumentCache full:https://registry.npmjs.org/@types%2fjsonwebtoken cache-miss
93 http cache https://registry.npmjs.org/@types%2fjsonwebtoken 6ms (cache hit)
94 silly packumentCache full:https://registry.npmjs.org/@types%2fjsonwebtoken set size:129919 disposed:false
95 silly fetch manifest @types/node@^20.11.24
96 silly packumentCache full:https://registry.npmjs.org/@types%2fnode cache-miss
97 http fetch GET https://registry.npmjs.org/npm attempt 3 failed with UNABLE_TO_VERIFY_LEAF_SIGNATURE
98 http fetch GET https://registry.npmjs.org/@types%2fnode attempt 1 failed with UNABLE_TO_VERIFY_LEAF_SIGNATURE
99 http fetch GET https://registry.npmjs.org/@types%2fnode attempt 2 failed with UNABLE_TO_VERIFY_LEAF_SIGNATURE
100 http fetch GET https://registry.npmjs.org/@types%2fnode attempt 3 failed with UNABLE_TO_VERIFY_LEAF_SIGNATURE
101 silly fetch manifest @types/pg@^8.11.2
102 silly packumentCache full:https://registry.npmjs.org/@types%2fpg cache-miss
103 http cache https://registry.npmjs.org/@types%2fpg 9ms (cache hit)
104 silly packumentCache full:https://registry.npmjs.org/@types%2fpg set size:208301 disposed:false
105 silly fetch manifest @types/swagger-ui-express@^4.1.6
106 silly packumentCache full:https://registry.npmjs.org/@types%2fswagger-ui-express cache-miss
107 http cache https://registry.npmjs.org/@types%2fswagger-ui-express 6ms (cache hit)
108 silly packumentCache full:https://registry.npmjs.org/@types%2fswagger-ui-express set size:24677 disposed:false
109 silly fetch manifest ts-node@^10.9.2
110 silly packumentCache full:https://registry.npmjs.org/ts-node cache-miss
111 http cache https://registry.npmjs.org/ts-node 7ms (cache hit)
112 silly packumentCache full:https://registry.npmjs.org/ts-node set size:574573 disposed:false
113 silly fetch manifest @swc/core@>=1.2.50
114 silly packumentCache full:https://registry.npmjs.org/@swc%2fcore cache-miss
115 http cache https://registry.npmjs.org/@swc%2fcore 14ms (cache hit)
116 silly packumentCache full:https://registry.npmjs.org/@swc%2fcore set size:4086634 disposed:false
117 silly fetch manifest @swc/helpers@>=0.5.17
118 silly packumentCache full:https://registry.npmjs.org/@swc%2fhelpers cache-miss
119 http cache https://registry.npmjs.org/@swc%2fhelpers 11ms (cache hit)
120 silly packumentCache full:https://registry.npmjs.org/@swc%2fhelpers set size:775458 disposed:false
121 silly fetch manifest @swc/wasm@>=1.2.50
122 silly packumentCache full:https://registry.npmjs.org/@swc%2fwasm cache-miss
123 http cache https://registry.npmjs.org/@swc%2fwasm 9ms (cache hit)
124 silly packumentCache full:https://registry.npmjs.org/@swc%2fwasm set size:1379118 disposed:false
125 silly fetch manifest @types/node@^20.11.24
126 silly packumentCache full:https://registry.npmjs.org/@types%2fnode cache-miss
127 http cache https://registry.npmjs.org/@types%2fnode 26ms (cache hit)
128 silly packumentCache full:https://registry.npmjs.org/@types%2fnode set size:11092436 disposed:false
129 silly fetch manifest typescript@^5.3.3
130 silly packumentCache full:https://registry.npmjs.org/typescript cache-miss
131 http cache https://registry.npmjs.org/typescript 38ms (cache hit)
132 silly packumentCache full:https://registry.npmjs.org/typescript set size:15597675 disposed:false
133 silly fetch manifest ts-node-dev@^2.0.0
134 silly packumentCache full:https://registry.npmjs.org/ts-node-dev cache-miss
135 http cache https://registry.npmjs.org/ts-node-dev 8ms (cache hit)
136 silly packumentCache full:https://registry.npmjs.org/ts-node-dev set size:292560 disposed:false
137 silly fetch manifest node-notifier@*
138 silly packumentCache full:https://registry.npmjs.org/node-notifier cache-miss
139 http cache https://registry.npmjs.org/node-notifier 6ms (cache hit)
140 silly packumentCache full:https://registry.npmjs.org/node-notifier set size:171519 disposed:false
141 silly placeDep ROOT @types/bcryptjs@2.4.6 OK for: avrgreen-backend@1.0.0 want: ^2.4.6
142 silly placeDep ROOT @types/cors@2.8.19 OK for: avrgreen-backend@1.0.0 want: ^2.8.17
143 silly placeDep ROOT @types/express@4.17.25 OK for: avrgreen-backend@1.0.0 want: ^4.17.21
144 silly placeDep ROOT @types/jsonwebtoken@9.0.10 OK for: avrgreen-backend@1.0.0 want: ^9.0.6
145 silly placeDep ROOT @types/node@ OK for: avrgreen-backend@1.0.0 want: ^20.11.24
146 silly placeDep ROOT @types/pg@8.23.1 OK for: avrgreen-backend@1.0.0 want: ^8.11.2
147 silly placeDep ROOT @types/swagger-ui-express@4.1.8 OK for: avrgreen-backend@1.0.0 want: ^4.1.6
148 silly placeDep ROOT bcryptjs@ OK for: avrgreen-backend@1.0.0 want: ^2.4.3
149 silly placeDep ROOT bullmq@5.81.3 OK for: avrgreen-backend@1.0.0 want: ^5.1.0
150 silly placeDep ROOT cors@2.8.6 OK for: avrgreen-backend@1.0.0 want: ^2.8.5
151 silly placeDep ROOT dotenv@16.6.1 OK for: avrgreen-backend@1.0.0 want: ^16.4.5
152 silly placeDep ROOT express@4.22.2 OK for: avrgreen-backend@1.0.0 want: ^4.18.3
153 silly placeDep ROOT express-rate-limit@7.5.1 OK for: avrgreen-backend@1.0.0 want: ^7.1.5
154 silly placeDep ROOT helmet@7.2.0 OK for: avrgreen-backend@1.0.0 want: ^7.1.0
155 silly placeDep ROOT jsonwebtoken@9.0.3 OK for: avrgreen-backend@1.0.0 want: ^9.0.2
156 silly placeDep ROOT pg@8.23.0 OK for: avrgreen-backend@1.0.0 want: ^8.11.3
157 silly placeDep ROOT redis@4.7.1 OK for: avrgreen-backend@1.0.0 want: ^4.6.13
158 silly placeDep ROOT socket.io@4.8.3 OK for: avrgreen-backend@1.0.0 want: ^4.7.4
159 silly placeDep ROOT swagger-ui-express@5.0.1 OK for: avrgreen-backend@1.0.0 want: ^5.0.0
160 silly placeDep ROOT ts-node@10.9.2 OK for: avrgreen-backend@1.0.0 want: ^10.9.2
161 silly placeDep ROOT typescript@5.9.3 OK for: ts-node@10.9.2 want: >=2.7
162 silly placeDep ROOT ts-node-dev@2.0.0 OK for: avrgreen-backend@1.0.0 want: ^2.0.0
163 silly placeDep ROOT winston@3.19.0 OK for: avrgreen-backend@1.0.0 want: ^3.11.0
164 silly placeDep ROOT zod@3.25.76 OK for: avrgreen-backend@1.0.0 want: ^3.22.4
165 silly fetch manifest @types/node@*
166 silly packumentCache full:https://registry.npmjs.org/@types%2fnode cache-miss
167 silly fetch manifest @types/qs@*
168 silly packumentCache full:https://registry.npmjs.org/@types%2fqs cache-miss
169 silly fetch manifest @types/body-parser@*
170 silly packumentCache full:https://registry.npmjs.org/@types%2fbody-parser cache-miss
171 silly fetch manifest @types/serve-static@^1
172 silly packumentCache full:https://registry.npmjs.org/@types%2fserve-static cache-miss
173 silly fetch manifest @types/express-serve-static-core@^4.17.33
174 silly packumentCache full:https://registry.npmjs.org/@types%2fexpress-serve-static-core cache-miss
175 silly fetch manifest @types/ms@*
176 silly packumentCache full:https://registry.npmjs.org/@types%2fms cache-miss
177 silly fetch manifest @types/node@*
178 silly packumentCache full:https://registry.npmjs.org/@types%2fnode cache-miss
179 silly fetch manifest pg-types@^2.2.0
180 silly packumentCache full:https://registry.npmjs.org/pg-types cache-miss
181 silly fetch manifest pg-protocol@*
182 silly packumentCache full:https://registry.npmjs.org/pg-protocol cache-miss
183 silly fetch manifest @types/serve-static@*
184 silly packumentCache full:https://registry.npmjs.org/@types%2fserve-static cache-miss
185 silly fetch manifest tslib@2.8.1
186 silly packumentCache full:https://registry.npmjs.org/tslib cache-miss
187 http cache https://registry.npmjs.org/@types%2fqs 25ms (cache hit)
188 silly packumentCache full:https://registry.npmjs.org/@types%2fqs set size:84522 disposed:false
189 silly fetch manifest semver@7.8.5
190 silly packumentCache full:https://registry.npmjs.org/semver cache-miss
191 http cache https://registry.npmjs.org/@types%2fserve-static 27ms (cache hit)
192 silly packumentCache full:https://registry.npmjs.org/@types%2fserve-static set size:70859 disposed:false
193 silly fetch manifest ioredis@5.11.1
194 silly packumentCache full:https://registry.npmjs.org/ioredis cache-miss
195 http cache https://registry.npmjs.org/@types%2fexpress-serve-static-core 29ms (cache hit)
196 silly packumentCache full:https://registry.npmjs.org/@types%2fexpress-serve-static-core set size:271755 disposed:false
197 silly fetch manifest msgpackr@2.0.5
198 silly packumentCache full:https://registry.npmjs.org/msgpackr cache-miss
199 http cache https://registry.npmjs.org/@types%2fms 32ms (cache hit)
200 silly packumentCache full:https://registry.npmjs.org/@types%2fms set size:24399 disposed:false
201 silly fetch manifest cron-parser@4.9.0
202 silly packumentCache full:https://registry.npmjs.org/cron-parser cache-miss
203 http cache https://registry.npmjs.org/pg-types 33ms (cache hit)
204 silly packumentCache full:https://registry.npmjs.org/pg-types set size:51397 disposed:false
205 silly fetch manifest node-abort-controller@3.1.1
206 silly packumentCache full:https://registry.npmjs.org/node-abort-controller cache-miss
207 http cache https://registry.npmjs.org/@types%2fbody-parser 36ms (cache hit)
208 silly packumentCache full:https://registry.npmjs.org/@types%2fbody-parser set size:59466 disposed:false
209 silly fetch manifest object-assign@^4
210 silly packumentCache full:https://registry.npmjs.org/object-assign cache-miss
211 http cache https://registry.npmjs.org/@types%2fnode 53ms (cache hit)
212 silly packumentCache full:https://registry.npmjs.org/@types%2fnode set size:11092436 disposed:false
213 silly fetch manifest vary@^1
214 silly packumentCache full:https://registry.npmjs.org/vary cache-miss
215 http cache https://registry.npmjs.org/@types%2fnode 127ms (cache hit)
216 silly packumentCache full:https://registry.npmjs.org/@types%2fnode set size:11092436 disposed:false
217 silly fetch manifest qs@~6.15.1
218 silly packumentCache full:https://registry.npmjs.org/qs cache-miss
219 http cache https://registry.npmjs.org/pg-protocol 178ms (cache hit)
220 silly packumentCache full:https://registry.npmjs.org/pg-protocol set size:57363 disposed:false
221 silly fetch manifest depd@2.0.0
222 silly packumentCache full:https://registry.npmjs.org/depd cache-miss
223 http cache https://registry.npmjs.org/@types%2fserve-static 180ms (cache hit)
224 silly packumentCache full:https://registry.npmjs.org/@types%2fserve-static set size:70859 disposed:false
225 silly packumentCache full:https://registry.npmjs.org/@types%2fserve-static dispose
226 silly fetch manifest etag@~1.8.1
227 silly packumentCache full:https://registry.npmjs.org/etag cache-miss
228 http cache https://registry.npmjs.org/tslib 182ms (cache hit)
229 silly packumentCache full:https://registry.npmjs.org/tslib set size:108843 disposed:false
230 silly fetch manifest send@~0.19.0
231 silly packumentCache full:https://registry.npmjs.org/send cache-miss
232 http cache https://registry.npmjs.org/semver 188ms (cache hit)
233 silly packumentCache full:https://registry.npmjs.org/semver set size:246069 disposed:false
234 silly fetch manifest vary@~1.1.2
235 silly packumentCache full:https://registry.npmjs.org/vary cache-miss
236 http cache https://registry.npmjs.org/msgpackr 187ms (cache hit)
237 silly packumentCache full:https://registry.npmjs.org/msgpackr set size:442279 disposed:false
238 silly fetch manifest debug@2.6.9
239 silly packumentCache full:https://registry.npmjs.org/debug cache-miss
240 http cache https://registry.npmjs.org/ioredis 195ms (cache hit)
241 silly packumentCache full:https://registry.npmjs.org/ioredis set size:859203 disposed:false
242 silly fetch manifest fresh@~0.5.2
243 silly packumentCache full:https://registry.npmjs.org/fresh cache-miss
244 http cache https://registry.npmjs.org/node-abort-controller 199ms (cache hit)
245 silly packumentCache full:https://registry.npmjs.org/node-abort-controller set size:38850 disposed:false
246 silly fetch manifest cookie@~0.7.1
247 silly packumentCache full:https://registry.npmjs.org/cookie cache-miss
248 http cache https://registry.npmjs.org/object-assign 199ms (cache hit)
249 silly packumentCache full:https://registry.npmjs.org/object-assign set size:28988 disposed:false
250 silly fetch manifest accepts@~1.3.8
251 silly packumentCache full:https://registry.npmjs.org/accepts cache-miss
252 http cache https://registry.npmjs.org/qs 61ms (cache hit)
253 silly packumentCache full:https://registry.npmjs.org/qs set size:360318 disposed:false
254 silly fetch manifest methods@~1.1.2
255 silly packumentCache full:https://registry.npmjs.org/methods cache-miss
256 http cache https://registry.npmjs.org/vary 131ms (cache hit)
257 silly packumentCache full:https://registry.npmjs.org/vary set size:15994 disposed:false
258 silly fetch manifest type-is@~1.6.18
259 silly packumentCache full:https://registry.npmjs.org/type-is cache-miss
260 http cache https://registry.npmjs.org/cron-parser 212ms (cache hit)
261 silly packumentCache full:https://registry.npmjs.org/cron-parser set size:368796 disposed:false
262 silly fetch manifest parseurl@~1.3.3
263 silly packumentCache full:https://registry.npmjs.org/parseurl cache-miss
264 http cache https://registry.npmjs.org/depd 70ms (cache hit)
265 silly packumentCache full:https://registry.npmjs.org/depd set size:40182 disposed:false
266 silly fetch manifest statuses@~2.0.1
267 silly packumentCache full:https://registry.npmjs.org/statuses cache-miss
268 http cache https://registry.npmjs.org/etag 71ms (cache hit)
269 silly packumentCache full:https://registry.npmjs.org/etag set size:30032 disposed:false
270 silly fetch manifest encodeurl@~2.0.0
271 silly packumentCache full:https://registry.npmjs.org/encodeurl cache-miss
272 http cache https://registry.npmjs.org/send 71ms (cache hit)
273 silly packumentCache full:https://registry.npmjs.org/send set size:152810 disposed:false
274 silly fetch manifest proxy-addr@~2.0.7
275 silly packumentCache full:https://registry.npmjs.org/proxy-addr cache-miss
276 http cache https://registry.npmjs.org/fresh 52ms (cache hit)
277 silly packumentCache full:https://registry.npmjs.org/fresh set size:25427 disposed:false
278 silly fetch manifest body-parser@~1.20.5
279 silly packumentCache full:https://registry.npmjs.org/body-parser cache-miss
280 http cache https://registry.npmjs.org/vary 69ms (cache hit)
281 silly packumentCache full:https://registry.npmjs.org/vary set size:15994 disposed:false
282 silly packumentCache full:https://registry.npmjs.org/vary dispose
283 silly fetch manifest escape-html@~1.0.3
284 silly packumentCache full:https://registry.npmjs.org/escape-html cache-miss
285 http cache https://registry.npmjs.org/accepts 50ms (cache hit)
286 silly packumentCache full:https://registry.npmjs.org/accepts set size:77054 disposed:false
287 silly fetch manifest http-errors@~2.0.0
288 silly packumentCache full:https://registry.npmjs.org/http-errors cache-miss
289 http cache https://registry.npmjs.org/debug 69ms (cache hit)
290 silly packumentCache full:https://registry.npmjs.org/debug set size:195840 disposed:false
291 silly fetch manifest on-finished@~2.4.1
292 silly packumentCache full:https://registry.npmjs.org/on-finished cache-miss
293 http cache https://registry.npmjs.org/cookie 60ms (cache hit)
294 silly packumentCache full:https://registry.npmjs.org/cookie set size:78274 disposed:false
295 silly fetch manifest safe-buffer@5.2.1
296 silly packumentCache full:https://registry.npmjs.org/safe-buffer cache-miss
297 http cache https://registry.npmjs.org/type-is 55ms (cache hit)
298 silly packumentCache full:https://registry.npmjs.org/type-is set size:88614 disposed:false
299 silly fetch manifest utils-merge@1.0.1
300 silly packumentCache full:https://registry.npmjs.org/utils-merge cache-miss
301 http cache https://registry.npmjs.org/methods 59ms (cache hit)
302 silly packumentCache full:https://registry.npmjs.org/methods set size:12600 disposed:false
303 silly fetch manifest content-type@~1.0.4
304 silly packumentCache full:https://registry.npmjs.org/content-type cache-miss
305 http cache https://registry.npmjs.org/parseurl 54ms (cache hit)
306 silly packumentCache full:https://registry.npmjs.org/parseurl set size:24148 disposed:false
307 silly fetch manifest finalhandler@~1.3.1
308 silly packumentCache full:https://registry.npmjs.org/finalhandler cache-miss
309 http cache https://registry.npmjs.org/statuses 54ms (cache hit)
310 silly packumentCache full:https://registry.npmjs.org/statuses set size:37117 disposed:false
311 silly fetch manifest range-parser@~1.2.1
312 silly packumentCache full:https://registry.npmjs.org/range-parser cache-miss
313 http cache https://registry.npmjs.org/encodeurl 55ms (cache hit)
314 silly packumentCache full:https://registry.npmjs.org/encodeurl set size:12296 disposed:false
315 silly fetch manifest serve-static@~1.16.2
316 silly packumentCache full:https://registry.npmjs.org/serve-static cache-miss
317 http cache https://registry.npmjs.org/proxy-addr 53ms (cache hit)
318 silly packumentCache full:https://registry.npmjs.org/proxy-addr set size:61619 disposed:false
319 silly fetch manifest array-flatten@1.1.1
320 silly packumentCache full:https://registry.npmjs.org/array-flatten cache-miss
321 http cache https://registry.npmjs.org/http-errors 46ms (cache hit)
322 silly packumentCache full:https://registry.npmjs.org/http-errors set size:71987 disposed:false
323 silly fetch manifest path-to-regexp@~0.1.12
324 silly packumentCache full:https://registry.npmjs.org/path-to-regexp cache-miss
325 http cache https://registry.npmjs.org/escape-html 52ms (cache hit)
326 silly packumentCache full:https://registry.npmjs.org/escape-html set size:7345 disposed:false
327 silly fetch manifest setprototypeof@1.2.0
328 silly packumentCache full:https://registry.npmjs.org/setprototypeof cache-miss
329 http cache https://registry.npmjs.org/body-parser 56ms (cache hit)
330 silly packumentCache full:https://registry.npmjs.org/body-parser set size:204559 disposed:false
331 silly fetch manifest cookie-signature@~1.0.6
332 silly packumentCache full:https://registry.npmjs.org/cookie-signature cache-miss
333 http cache https://registry.npmjs.org/safe-buffer 49ms (cache hit)
334 silly packumentCache full:https://registry.npmjs.org/safe-buffer set size:41183 disposed:false
335 silly fetch manifest merge-descriptors@1.0.3
336 silly packumentCache full:https://registry.npmjs.org/merge-descriptors cache-miss
337 http cache https://registry.npmjs.org/finalhandler 44ms (cache hit)
338 silly packumentCache full:https://registry.npmjs.org/finalhandler set size:79291 disposed:false
339 silly fetch manifest content-disposition@~0.5.4
340 silly packumentCache full:https://registry.npmjs.org/content-disposition cache-miss
341 http cache https://registry.npmjs.org/on-finished 59ms (cache hit)
342 silly packumentCache full:https://registry.npmjs.org/on-finished set size:23212 disposed:false
343 silly fetch manifest ms@^2.1.1
344 silly packumentCache full:https://registry.npmjs.org/ms cache-miss
345 http cache https://registry.npmjs.org/utils-merge 54ms (cache hit)
346 silly packumentCache full:https://registry.npmjs.org/utils-merge set size:5237 disposed:false
347 silly fetch manifest jws@^4.0.1
348 silly packumentCache full:https://registry.npmjs.org/jws cache-miss
349 http cache https://registry.npmjs.org/content-type 53ms (cache hit)
350 silly packumentCache full:https://registry.npmjs.org/content-type set size:23936 disposed:false
351 silly fetch manifest semver@^7.5.4
352 silly packumentCache full:https://registry.npmjs.org/semver cache-hit
353 silly fetch manifest lodash.once@^4.0.0
354 silly packumentCache full:https://registry.npmjs.org/lodash.once cache-miss
355 http cache https://registry.npmjs.org/array-flatten 45ms (cache hit)
356 silly packumentCache full:https://registry.npmjs.org/array-flatten set size:24005 disposed:false
357 silly fetch manifest lodash.includes@^4.3.0
358 silly packumentCache full:https://registry.npmjs.org/lodash.includes cache-miss
359 http cache https://registry.npmjs.org/serve-static 51ms (cache hit)
360 silly packumentCache full:https://registry.npmjs.org/serve-static set size:150391 disposed:false
361 silly fetch manifest lodash.isnumber@^3.0.3
362 silly packumentCache full:https://registry.npmjs.org/lodash.isnumber cache-miss
363 http cache https://registry.npmjs.org/range-parser 56ms (cache hit)
364 silly packumentCache full:https://registry.npmjs.org/range-parser set size:24852 disposed:false
365 silly fetch manifest lodash.isstring@^4.0.1
366 silly packumentCache full:https://registry.npmjs.org/lodash.isstring cache-miss
367 http cache https://registry.npmjs.org/path-to-regexp 52ms (cache hit)
368 silly packumentCache full:https://registry.npmjs.org/path-to-regexp set size:216334 disposed:false
369 silly fetch manifest lodash.isboolean@^3.0.3
370 silly packumentCache full:https://registry.npmjs.org/lodash.isboolean cache-miss
371 http cache https://registry.npmjs.org/cookie-signature 49ms (cache hit)
372 silly packumentCache full:https://registry.npmjs.org/cookie-signature set size:21777 disposed:false
373 silly fetch manifest lodash.isinteger@^4.0.4
374 silly packumentCache full:https://registry.npmjs.org/lodash.isinteger cache-miss
375 http cache https://registry.npmjs.org/content-disposition 45ms (cache hit)
376 silly packumentCache full:https://registry.npmjs.org/content-disposition set size:45446 disposed:false
377 silly fetch manifest lodash.isplainobject@^4.0.6
378 silly packumentCache full:https://registry.npmjs.org/lodash.isplainobject cache-miss
379 http cache https://registry.npmjs.org/merge-descriptors 50ms (cache hit)
380 silly packumentCache full:https://registry.npmjs.org/merge-descriptors set size:16527 disposed:false
381 silly fetch manifest pgpass@1.0.5
382 silly packumentCache full:https://registry.npmjs.org/pgpass cache-miss
383 http cache https://registry.npmjs.org/ms 46ms (cache hit)
384 silly packumentCache full:https://registry.npmjs.org/ms set size:92208 disposed:false
385 silly fetch manifest pg-pool@^3.14.0
386 silly packumentCache full:https://registry.npmjs.org/pg-pool cache-miss
387 http cache https://registry.npmjs.org/setprototypeof 63ms (cache hit)
388 silly packumentCache full:https://registry.npmjs.org/setprototypeof set size:14532 disposed:false
389 silly fetch manifest pg-types@2.2.0
390 silly packumentCache full:https://registry.npmjs.org/pg-types cache-hit
391 silly fetch manifest pg-protocol@^1.16.0
392 silly packumentCache full:https://registry.npmjs.org/pg-protocol cache-hit
393 silly fetch manifest pg-connection-string@^2.14.0
394 silly packumentCache full:https://registry.npmjs.org/pg-connection-string cache-miss
395 http cache https://registry.npmjs.org/jws 51ms (cache hit)
396 silly packumentCache full:https://registry.npmjs.org/jws set size:48740 disposed:false
397 silly fetch manifest pg-cloudflare@^1.4.0
398 silly packumentCache full:https://registry.npmjs.org/pg-cloudflare cache-miss
399 http cache https://registry.npmjs.org/lodash.includes 47ms (cache hit)
400 silly packumentCache full:https://registry.npmjs.org/lodash.includes set size:27594 disposed:false
401 silly fetch manifest @redis/json@1.0.7
402 silly packumentCache full:https://registry.npmjs.org/@redis%2fjson cache-miss
403 http cache https://registry.npmjs.org/lodash.once 51ms (cache hit)
404 silly packumentCache full:https://registry.npmjs.org/lodash.once set size:23407 disposed:false
405 silly fetch manifest @redis/bloom@1.2.0
406 silly packumentCache full:https://registry.npmjs.org/@redis%2fbloom cache-miss
407 http cache https://registry.npmjs.org/lodash.isnumber 47ms (cache hit)
408 silly packumentCache full:https://registry.npmjs.org/lodash.isnumber set size:21368 disposed:false
409 silly fetch manifest @redis/graph@1.1.1
410 silly packumentCache full:https://registry.npmjs.org/@redis%2fgraph cache-miss
411 http cache https://registry.npmjs.org/lodash.isstring 47ms (cache hit)
412 silly packumentCache full:https://registry.npmjs.org/lodash.isstring set size:21368 disposed:false
413 silly fetch manifest @redis/client@1.6.1
414 silly packumentCache full:https://registry.npmjs.org/@redis%2fclient cache-miss
415 http cache https://registry.npmjs.org/lodash.isboolean 42ms (cache hit)
416 silly packumentCache full:https://registry.npmjs.org/lodash.isboolean set size:21437 disposed:false
417 silly fetch manifest @redis/search@1.2.0
418 silly packumentCache full:https://registry.npmjs.org/@redis%2fsearch cache-miss
419 http cache https://registry.npmjs.org/lodash.isinteger 43ms (cache hit)
420 silly packumentCache full:https://registry.npmjs.org/lodash.isinteger set size:10827 disposed:false
421 silly fetch manifest @redis/time-series@1.1.0
422 silly packumentCache full:https://registry.npmjs.org/@redis%2ftime-series cache-miss
423 http cache https://registry.npmjs.org/lodash.isplainobject 43ms (cache hit)
424 silly packumentCache full:https://registry.npmjs.org/lodash.isplainobject set size:38531 disposed:false
425 silly fetch manifest accepts@~1.3.4
426 silly packumentCache full:https://registry.npmjs.org/accepts cache-hit
427 silly fetch manifest base64id@~2.0.0
428 silly packumentCache full:https://registry.npmjs.org/base64id cache-miss
429 http cache https://registry.npmjs.org/pgpass 45ms (cache hit)
430 silly packumentCache full:https://registry.npmjs.org/pgpass set size:28590 disposed:false
431 silly fetch manifest debug@~4.4.1
432 silly packumentCache full:https://registry.npmjs.org/debug cache-hit
433 silly fetch manifest engine.io@~6.6.0
434 silly packumentCache full:https://registry.npmjs.org/engine.io cache-miss
435 http cache https://registry.npmjs.org/pg-cloudflare 42ms (cache hit)
436 silly packumentCache full:https://registry.npmjs.org/pg-cloudflare set size:22655 disposed:false
437 silly fetch manifest socket.io-adapter@~2.5.2
438 silly packumentCache full:https://registry.npmjs.org/socket.io-adapter cache-miss
439 http cache https://registry.npmjs.org/pg-connection-string 46ms (cache hit)
440 silly packumentCache full:https://registry.npmjs.org/pg-connection-string set size:78715 disposed:false
441 silly fetch manifest socket.io-parser@~4.2.4
442 silly packumentCache full:https://registry.npmjs.org/socket.io-parser cache-miss
443 http cache https://registry.npmjs.org/pg-pool 52ms (cache hit)
444 silly packumentCache full:https://registry.npmjs.org/pg-pool set size:132010 disposed:false
445 silly fetch manifest swagger-ui-dist@>=5.0.0
446 silly packumentCache full:https://registry.npmjs.org/swagger-ui-dist cache-miss
447 http cache https://registry.npmjs.org/@redis%2fjson 48ms (cache hit)
448 silly packumentCache full:https://registry.npmjs.org/@redis%2fjson set size:75619 disposed:false
449 silly fetch manifest yn@3.1.1
450 silly packumentCache full:https://registry.npmjs.org/yn cache-miss
451 http cache https://registry.npmjs.org/@redis%2fbloom 53ms (cache hit)
452 silly packumentCache full:https://registry.npmjs.org/@redis%2fbloom set size:73645 disposed:false
453 silly fetch manifest arg@^4.1.0
454 silly packumentCache full:https://registry.npmjs.org/arg cache-miss
455 http cache https://registry.npmjs.org/@redis%2fclient 88ms (cache hit)
456 silly packumentCache full:https://registry.npmjs.org/@redis%2fclient set size:150811 disposed:false
457 silly fetch manifest diff@^4.0.1
458 silly packumentCache full:https://registry.npmjs.org/diff cache-miss
459 http cache https://registry.npmjs.org/@redis%2fgraph 94ms (cache hit)
460 silly packumentCache full:https://registry.npmjs.org/@redis%2fgraph set size:14382 disposed:false
461 silly fetch manifest acorn@^8.4.1
462 silly packumentCache full:https://registry.npmjs.org/acorn cache-miss
463 http cache https://registry.npmjs.org/@redis%2ftime-series 87ms (cache hit)
464 silly packumentCache full:https://registry.npmjs.org/@redis%2ftime-series set size:79118 disposed:false
465 silly fetch manifest acorn-walk@^8.1.1
466 silly packumentCache full:https://registry.npmjs.org/acorn-walk cache-miss
467 http cache https://registry.npmjs.org/base64id 89ms (cache hit)
468 silly packumentCache full:https://registry.npmjs.org/base64id set size:6136 disposed:false
469 silly fetch manifest make-error@^1.1.1
470 silly packumentCache full:https://registry.npmjs.org/make-error cache-miss
471 http cache https://registry.npmjs.org/@redis%2fsearch 96ms (cache hit)
472 silly packumentCache full:https://registry.npmjs.org/@redis%2fsearch set size:93873 disposed:false
473 silly fetch manifest create-require@^1.1.0
474 silly packumentCache full:https://registry.npmjs.org/create-require cache-miss
475 http cache https://registry.npmjs.org/engine.io 89ms (cache hit)
476 silly packumentCache full:https://registry.npmjs.org/engine.io set size:396042 disposed:false
477 silly fetch manifest @tsconfig/node10@^1.0.7
478 silly packumentCache full:https://registry.npmjs.org/@tsconfig%2fnode10 cache-miss
479 http cache https://registry.npmjs.org/socket.io-adapter 91ms (cache hit)
480 silly packumentCache full:https://registry.npmjs.org/socket.io-adapter set size:71138 disposed:false
481 silly fetch manifest @tsconfig/node12@^1.0.7
482 silly packumentCache full:https://registry.npmjs.org/@tsconfig%2fnode12 cache-miss
483 http cache https://registry.npmjs.org/socket.io-parser 90ms (cache hit)
484 silly packumentCache full:https://registry.npmjs.org/socket.io-parser set size:130849 disposed:false
485 silly fetch manifest @tsconfig/node14@^1.0.0
486 silly packumentCache full:https://registry.npmjs.org/@tsconfig%2fnode14 cache-miss
487 http cache https://registry.npmjs.org/swagger-ui-dist 91ms (cache hit)
488 silly packumentCache full:https://registry.npmjs.org/swagger-ui-dist set size:864023 disposed:false
489 silly fetch manifest @tsconfig/node16@^1.0.2
490 silly packumentCache full:https://registry.npmjs.org/@tsconfig%2fnode16 cache-miss
491 http cache https://registry.npmjs.org/arg 69ms (cache hit)
492 silly packumentCache full:https://registry.npmjs.org/arg set size:67036 disposed:false
493 silly fetch manifest v8-compile-cache-lib@^3.0.1
494 silly packumentCache full:https://registry.npmjs.org/v8-compile-cache-lib cache-miss
495 http cache https://registry.npmjs.org/yn 95ms (cache hit)
496 silly packumentCache full:https://registry.npmjs.org/yn set size:23572 disposed:false
497 silly fetch manifest @cspotcode/source-map-support@^0.8.0
498 silly packumentCache full:https://registry.npmjs.org/@cspotcode%2fsource-map-support cache-miss
499 http cache https://registry.npmjs.org/diff 53ms (cache hit)
500 silly packumentCache full:https://registry.npmjs.org/diff set size:154400 disposed:false
501 silly fetch manifest chokidar@^3.5.1
502 silly packumentCache full:https://registry.npmjs.org/chokidar cache-miss
503 http cache https://registry.npmjs.org/acorn 53ms (cache hit)
504 silly packumentCache full:https://registry.npmjs.org/acorn set size:383439 disposed:false
505 silly fetch manifest dynamic-dedupe@^0.3.0
506 silly packumentCache full:https://registry.npmjs.org/dynamic-dedupe cache-miss
507 http cache https://registry.npmjs.org/make-error 43ms (cache hit)
508 silly packumentCache full:https://registry.npmjs.org/make-error set size:45218 disposed:false
509 silly fetch manifest minimist@^1.2.6
510 silly packumentCache full:https://registry.npmjs.org/minimist cache-miss
511 http cache https://registry.npmjs.org/acorn-walk 48ms (cache hit)
512 silly packumentCache full:https://registry.npmjs.org/acorn-walk set size:49813 disposed:false
513 silly fetch manifest mkdirp@^1.0.4
514 silly packumentCache full:https://registry.npmjs.org/mkdirp cache-miss
515 http cache https://registry.npmjs.org/create-require 46ms (cache hit)
516 silly packumentCache full:https://registry.npmjs.org/create-require set size:20551 disposed:false
517 silly fetch manifest resolve@^1.0.0
518 silly packumentCache full:https://registry.npmjs.org/resolve cache-miss
519 http cache https://registry.npmjs.org/@tsconfig%2fnode10 46ms (cache hit)
520 silly packumentCache full:https://registry.npmjs.org/@tsconfig%2fnode10 set size:28551 disposed:false
521 silly fetch manifest rimraf@^2.6.1
522 silly packumentCache full:https://registry.npmjs.org/rimraf cache-miss
523 http cache https://registry.npmjs.org/@tsconfig%2fnode12 46ms (cache hit)
524 silly packumentCache full:https://registry.npmjs.org/@tsconfig%2fnode12 set size:40496 disposed:false
525 silly fetch manifest source-map-support@^0.5.12
526 silly packumentCache full:https://registry.npmjs.org/source-map-support cache-miss
527 http cache https://registry.npmjs.org/@tsconfig%2fnode14 44ms (cache hit)
528 silly packumentCache full:https://registry.npmjs.org/@tsconfig%2fnode14 set size:25627 disposed:false
529 silly fetch manifest tree-kill@^1.2.2
530 silly packumentCache full:https://registry.npmjs.org/tree-kill cache-miss
531 http cache https://registry.npmjs.org/@tsconfig%2fnode16 40ms (cache hit)
532 silly packumentCache full:https://registry.npmjs.org/@tsconfig%2fnode16 set size:26898 disposed:false
533 silly fetch manifest tsconfig@^7.0.0
534 silly packumentCache full:https://registry.npmjs.org/tsconfig cache-miss
535 http cache https://registry.npmjs.org/v8-compile-cache-lib 40ms (cache hit)
536 silly packumentCache full:https://registry.npmjs.org/v8-compile-cache-lib set size:8746 disposed:false
537 silly fetch manifest async@^3.2.3
538 silly packumentCache full:https://registry.npmjs.org/async cache-miss
539 http cache https://registry.npmjs.org/@cspotcode%2fsource-map-support 40ms (cache hit)
540 silly packumentCache full:https://registry.npmjs.org/@cspotcode%2fsource-map-support set size:30214 disposed:false
541 silly fetch manifest logform@^2.7.0
542 silly packumentCache full:https://registry.npmjs.org/logform cache-miss
543 http cache https://registry.npmjs.org/chokidar 40ms (cache hit)
544 silly packumentCache full:https://registry.npmjs.org/chokidar set size:255902 disposed:false
545 silly fetch manifest one-time@^1.0.0
546 silly packumentCache full:https://registry.npmjs.org/one-time cache-miss
547 http cache https://registry.npmjs.org/dynamic-dedupe 42ms (cache hit)
548 silly packumentCache full:https://registry.npmjs.org/dynamic-dedupe set size:10666 disposed:false
549 silly fetch manifest is-stream@^2.0.0
550 silly packumentCache full:https://registry.npmjs.org/is-stream cache-miss
551 http cache https://registry.npmjs.org/mkdirp 39ms (cache hit)
552 silly packumentCache full:https://registry.npmjs.org/mkdirp set size:116415 disposed:false
553 silly fetch manifest stack-trace@0.0.x
554 silly packumentCache full:https://registry.npmjs.org/stack-trace cache-miss
555 http cache https://registry.npmjs.org/minimist 44ms (cache hit)
556 silly packumentCache full:https://registry.npmjs.org/minimist set size:77063 disposed:false
557 silly fetch manifest triple-beam@^1.3.0
558 silly packumentCache full:https://registry.npmjs.org/triple-beam cache-miss
559 http cache https://registry.npmjs.org/resolve 42ms (cache hit)
560 silly packumentCache full:https://registry.npmjs.org/resolve set size:244568 disposed:false
561 silly fetch manifest @colors/colors@^1.6.0
562 silly packumentCache full:https://registry.npmjs.org/@colors%2fcolors cache-miss
563 http cache https://registry.npmjs.org/rimraf 45ms (cache hit)
564 silly packumentCache full:https://registry.npmjs.org/rimraf set size:212626 disposed:false
565 silly fetch manifest readable-stream@^3.4.0
566 silly packumentCache full:https://registry.npmjs.org/readable-stream cache-miss
567 http cache https://registry.npmjs.org/source-map-support 47ms (cache hit)
568 silly packumentCache full:https://registry.npmjs.org/source-map-support set size:125488 disposed:false
569 silly fetch manifest @dabh/diagnostics@^2.0.8
570 silly packumentCache full:https://registry.npmjs.org/@dabh%2fdiagnostics cache-miss
571 http cache https://registry.npmjs.org/tree-kill 49ms (cache hit)
572 silly packumentCache full:https://registry.npmjs.org/tree-kill set size:24180 disposed:false
573 silly fetch manifest winston-transport@^4.9.0
574 silly packumentCache full:https://registry.npmjs.org/winston-transport cache-miss
575 http cache https://registry.npmjs.org/tsconfig 49ms (cache hit)
576 silly packumentCache full:https://registry.npmjs.org/tsconfig set size:51634 disposed:false
577 silly fetch manifest safe-stable-stringify@^2.3.1
578 silly packumentCache full:https://registry.npmjs.org/safe-stable-stringify cache-miss
579 http cache https://registry.npmjs.org/logform 47ms (cache hit)
580 silly packumentCache full:https://registry.npmjs.org/logform set size:101534 disposed:false
581 http cache https://registry.npmjs.org/async 52ms (cache hit)
582 silly packumentCache full:https://registry.npmjs.org/async set size:230482 disposed:false
583 http cache https://registry.npmjs.org/one-time 52ms (cache hit)
584 silly packumentCache full:https://registry.npmjs.org/one-time set size:12254 disposed:false
585 http cache https://registry.npmjs.org/is-stream 50ms (cache hit)
586 silly packumentCache full:https://registry.npmjs.org/is-stream set size:18582 disposed:false
587 http cache https://registry.npmjs.org/stack-trace 45ms (cache hit)
588 silly packumentCache full:https://registry.npmjs.org/stack-trace set size:26046 disposed:false
589 http cache https://registry.npmjs.org/triple-beam 46ms (cache hit)
590 silly packumentCache full:https://registry.npmjs.org/triple-beam set size:15133 disposed:false
591 http cache https://registry.npmjs.org/@colors%2fcolors 43ms (cache hit)
592 silly packumentCache full:https://registry.npmjs.org/@colors%2fcolors set size:12042 disposed:false
593 http cache https://registry.npmjs.org/readable-stream 39ms (cache hit)
594 silly packumentCache full:https://registry.npmjs.org/readable-stream set size:261096 disposed:false
595 http cache https://registry.npmjs.org/safe-stable-stringify 34ms (cache hit)
596 silly packumentCache full:https://registry.npmjs.org/safe-stable-stringify set size:45091 disposed:false
597 http cache https://registry.npmjs.org/winston-transport 38ms (cache hit)
598 silly packumentCache full:https://registry.npmjs.org/winston-transport set size:60135 disposed:false
599 http cache https://registry.npmjs.org/@dabh%2fdiagnostics 41ms (cache hit)
600 silly packumentCache full:https://registry.npmjs.org/@dabh%2fdiagnostics set size:34310 disposed:false
601 silly placeDep ROOT @types/body-parser@1.19.6 OK for: @types/express@4.17.25 want: *
602 silly placeDep ROOT @types/express-serve-static-core@4.19.9 OK for: @types/express@4.17.25 want: ^4.17.33
603 silly placeDep ROOT @types/qs@6.15.1 OK for: @types/express@4.17.25 want: *
604 silly placeDep ROOT @types/serve-static@1.15.10 OK for: @types/express@4.17.25 want: ^1
605 silly fetch manifest @types/connect@*
606 silly packumentCache full:https://registry.npmjs.org/@types%2fconnect cache-miss
607 silly fetch manifest @types/send@*
608 silly packumentCache full:https://registry.npmjs.org/@types%2fsend cache-miss
609 silly fetch manifest @types/range-parser@*
610 silly packumentCache full:https://registry.npmjs.org/@types%2frange-parser cache-miss
611 silly fetch manifest @types/send@<1
612 silly packumentCache full:https://registry.npmjs.org/@types%2fsend cache-miss
613 silly fetch manifest @types/http-errors@*
614 silly packumentCache full:https://registry.npmjs.org/@types%2fhttp-errors cache-miss
615 http cache https://registry.npmjs.org/@types%2fconnect 9ms (cache hit)
616 silly packumentCache full:https://registry.npmjs.org/@types%2fconnect set size:31512 disposed:false
617 http cache https://registry.npmjs.org/@types%2fhttp-errors 9ms (cache hit)
618 silly packumentCache full:https://registry.npmjs.org/@types%2fhttp-errors set size:48994 disposed:false
619 http cache https://registry.npmjs.org/@types%2frange-parser 12ms (cache hit)
620 silly packumentCache full:https://registry.npmjs.org/@types%2frange-parser set size:15278 disposed:false
621 http cache https://registry.npmjs.org/@types%2fsend 13ms (cache hit)
622 silly packumentCache full:https://registry.npmjs.org/@types%2fsend set size:29985 disposed:false
623 http cache https://registry.npmjs.org/@types%2fsend 15ms (cache hit)
624 silly packumentCache full:https://registry.npmjs.org/@types%2fsend set size:29985 disposed:false
625 silly packumentCache full:https://registry.npmjs.org/@types%2fsend dispose
626 silly placeDep ROOT @types/connect@3.4.38 OK for: @types/body-parser@1.19.6 want: *
627 silly placeDep ROOT @types/range-parser@1.2.7 OK for: @types/express-serve-static-core@4.19.9 want: *
628 silly placeDep ROOT @types/send@1.2.1 OK for: @types/express-serve-static-core@4.19.9 want: *
629 silly placeDep ROOT @types/ms@2.1.0 OK for: @types/jsonwebtoken@9.0.10 want: *
630 silly placeDep ROOT pg-protocol@1.16.0 OK for: @types/pg@8.23.1 want: *
631 silly placeDep ROOT pg-types@2.2.0 OK for: @types/pg@8.23.1 want: ^2.2.0
632 silly fetch manifest pg-int8@1.0.1
633 silly packumentCache full:https://registry.npmjs.org/pg-int8 cache-miss
634 silly fetch manifest postgres-date@~1.0.4
635 silly packumentCache full:https://registry.npmjs.org/postgres-date cache-miss
636 silly fetch manifest postgres-array@~2.0.0
637 silly packumentCache full:https://registry.npmjs.org/postgres-array cache-miss
638 silly fetch manifest postgres-bytea@~1.0.0
639 silly packumentCache full:https://registry.npmjs.org/postgres-bytea cache-miss
640 silly fetch manifest postgres-interval@^1.1.0
641 silly packumentCache full:https://registry.npmjs.org/postgres-interval cache-miss
642 http cache https://registry.npmjs.org/postgres-bytea 11ms (cache hit)
643 silly packumentCache full:https://registry.npmjs.org/postgres-bytea set size:8854 disposed:false
644 http cache https://registry.npmjs.org/postgres-array 12ms (cache hit)
645 silly packumentCache full:https://registry.npmjs.org/postgres-array set size:21967 disposed:false
646 http cache https://registry.npmjs.org/pg-int8 14ms (cache hit)
647 silly packumentCache full:https://registry.npmjs.org/pg-int8 set size:3652 disposed:false
648 http cache https://registry.npmjs.org/postgres-date 15ms (cache hit)
649 silly packumentCache full:https://registry.npmjs.org/postgres-date set size:27126 disposed:false
650 http cache https://registry.npmjs.org/postgres-interval 16ms (cache hit)
651 silly packumentCache full:https://registry.npmjs.org/postgres-interval set size:33033 disposed:false
652 silly placeDep ROOT @types/http-errors@2.0.5 OK for: @types/serve-static@1.15.10 want: *
653 silly placeDep node_modules/@types/serve-static @types/send@0.17.6 OK for: @types/serve-static@1.15.10 want: <1
654 silly fetch manifest @types/mime@^1
655 silly packumentCache full:https://registry.npmjs.org/@types%2fmime cache-miss
656 http cache https://registry.npmjs.org/@types%2fmime 7ms (cache hit)
657 silly packumentCache full:https://registry.npmjs.org/@types%2fmime set size:43242 disposed:false
658 silly placeDep ROOT cron-parser@4.9.0 OK for: bullmq@5.81.3 want: 4.9.0
659 silly placeDep ROOT ioredis@5.11.1 OK for: bullmq@5.81.3 want: 5.11.1
660 silly placeDep ROOT msgpackr@2.0.5 OK for: bullmq@5.81.3 want: 2.0.5
661 silly placeDep ROOT node-abort-controller@3.1.1 OK for: bullmq@5.81.3 want: 3.1.1
662 verbose stack Error: could not resolve
662 verbose stack     at PlaceDep.failPeerConflict (C:\Program Files\nodejs\node_modules\npm\node_modules\@npmcli\arborist\lib\place-dep.js:503:25)
662 verbose stack     at new PlaceDep (C:\Program Files\nodejs\node_modules\npm\node_modules\@npmcli\arborist\lib\place-dep.js:157:21)
662 verbose stack     at #buildDepStep (C:\Program Files\nodejs\node_modules\npm\node_modules\@npmcli\arborist\lib\arborist\build-ideal-tree.js:945:18)
662 verbose stack     at async Arborist.buildIdealTree (C:\Program Files\nodejs\node_modules\npm\node_modules\@npmcli\arborist\lib\arborist\build-ideal-tree.js:182:7)
662 verbose stack     at async Promise.all (index 1)
662 verbose stack     at async Arborist.reify (C:\Program Files\nodejs\node_modules\npm\node_modules\@npmcli\arborist\lib\arborist\reify.js:114:5)
662 verbose stack     at async Install.exec (C:\Program Files\nodejs\node_modules\npm\lib\commands\install.js:150:5)
662 verbose stack     at async Npm.exec (C:\Program Files\nodejs\node_modules\npm\lib\npm.js:208:9)
662 verbose stack     at async module.exports (C:\Program Files\nodejs\node_modules\npm\lib\cli\entry.js:67:5)
663 error code ERESOLVE
664 error ERESOLVE could not resolve
665 error
666 error While resolving: bullmq@5.81.3
666 error Found: redis@4.7.1
666 error node_modules/redis
666 error   redis@"^4.6.13" from the root project
666 error
666 error Could not resolve dependency:
666 error peerOptional redis@">=5.0.0" from bullmq@5.81.3
666 error node_modules/bullmq
666 error   bullmq@"^5.1.0" from the root project
666 error
666 error Conflicting peer dependency: redis@6.2.1
666 error node_modules/redis
666 error   peerOptional redis@">=5.0.0" from bullmq@5.81.3
666 error   node_modules/bullmq
666 error     bullmq@"^5.1.0" from the root project
666 error
666 error Fix the upstream dependency conflict, or retry
666 error this command with --force or --legacy-peer-deps
666 error to accept an incorrect (and potentially broken) dependency resolution.
667 error
667 error
667 error For a full report see:
667 error C:\Users\vedan\Downloads\AVRGREEN-Nursery-Management-System-main\AVRGREEN-Nursery-Management-System-main\backend\.npm-cache\_logs\2026-08-26T16_12_38_066Z-eresolve-report.txt
668 silly unfinished npm timer reify 1787760758596
669 silly unfinished npm timer reify:loadTrees 1787760758600
670 silly unfinished npm timer idealTree:buildDeps 1787760758610
671 silly unfinished npm timer idealTree:node_modules/bullmq 1787760906056
672 verbose cwd C:\Users\vedan\Downloads\AVRGREEN-Nursery-Management-System-main\AVRGREEN-Nursery-Management-System-main\backend
673 verbose os Windows_NT 10.0.26220
674 verbose node v25.2.1
675 verbose npm  v11.6.2
676 verbose exit 1
677 verbose code 1
678 error A complete log of this run can be found in: C:\Users\vedan\Downloads\AVRGREEN-Nursery-Management-System-main\AVRGREEN-Nursery-Management-System-main\backend\.npm-cache\_logs\2026-08-26T16_12_38_066Z-debug-0.log
