0 verbose cli C:\Program Files\nodejs\node.exe C:\Program Files\nodejs\node_modules\npm\bin\npm-cli.js
1 info using npm@11.6.2
2 info using node@v25.2.1
3 silly config load:file:C:\Program Files\nodejs\node_modules\npm\npmrc
4 silly config load:file:C:\Users\vedan\Downloads\AVRGREEN-Nursery-Management-System-main\AVRGREEN-Nursery-Management-System-main\backend\.npmrc
5 silly config load:file:C:\Users\vedan\.npmrc
6 silly config load:file:C:\Users\vedan\AppData\Roaming\npm\etc\npmrc
7 verbose title npm install typescript @types/node
8 verbose argv "install" "--no-save" "--cache" ".npm-cache" "--strict-ssl" "false" "typescript" "@types/node"
9 verbose logfile logs-max:10 dir:C:\Users\vedan\Downloads\AVRGREEN-Nursery-Management-System-main\AVRGREEN-Nursery-Management-System-main\backend\.npm-cache\_logs\2026-08-26T16_14_51_348Z-
10 verbose logfile C:\Users\vedan\Downloads\AVRGREEN-Nursery-Management-System-main\AVRGREEN-Nursery-Management-System-main\backend\.npm-cache\_logs\2026-08-26T16_14_51_348Z-debug-0.log
11 silly logfile done cleaning log files
12 silly packumentCache heap:4496293888 maxSize:1124073472 maxEntrySize:562036736
13 silly idealTree buildDeps
14 silly fetch manifest bcryptjs@^2.4.3
15 silly packumentCache full:https://registry.npmjs.org/bcryptjs cache-miss
16 http cache https://registry.npmjs.org/bcryptjs 15ms (cache hit)
17 silly packumentCache full:https://registry.npmjs.org/bcryptjs set size:80385 disposed:false
18 silly fetch manifest bullmq@^5.1.0
19 silly packumentCache full:https://registry.npmjs.org/bullmq cache-miss
20 http cache https://registry.npmjs.org/bullmq 14ms (cache hit)
21 silly packumentCache full:https://registry.npmjs.org/bullmq set size:4820386 disposed:false
22 silly fetch manifest redis@^4.6.13
23 silly packumentCache full:https://registry.npmjs.org/redis cache-miss
24 http cache https://registry.npmjs.org/redis 7ms (cache hit)
25 silly packumentCache full:https://registry.npmjs.org/redis set size:387572 disposed:false
26 silly fetch manifest redis@>=5.0.0
27 silly packumentCache full:https://registry.npmjs.org/redis cache-hit
28 silly fetch manifest cors@^2.8.5
29 silly packumentCache full:https://registry.npmjs.org/cors cache-miss
30 http cache https://registry.npmjs.org/cors 6ms (cache hit)
31 silly packumentCache full:https://registry.npmjs.org/cors set size:77956 disposed:false
32 silly fetch manifest dotenv@^16.4.5
33 silly packumentCache full:https://registry.npmjs.org/dotenv cache-miss
34 http cache https://registry.npmjs.org/dotenv 7ms (cache hit)
35 silly packumentCache full:https://registry.npmjs.org/dotenv set size:277821 disposed:false
36 silly fetch manifest express@^4.18.3
37 silly packumentCache full:https://registry.npmjs.org/express cache-miss
38 http cache https://registry.npmjs.org/express 8ms (cache hit)
39 silly packumentCache full:https://registry.npmjs.org/express set size:804975 disposed:false
40 silly fetch manifest express-rate-limit@^7.1.5
41 silly packumentCache full:https://registry.npmjs.org/express-rate-limit cache-miss
42 http cache https://registry.npmjs.org/express-rate-limit 9ms (cache hit)
43 silly packumentCache full:https://registry.npmjs.org/express-rate-limit set size:456657 disposed:false
44 silly fetch manifest helmet@^7.1.0
45 silly packumentCache full:https://registry.npmjs.org/helmet cache-miss
46 http cache https://registry.npmjs.org/helmet 6ms (cache hit)
47 silly packumentCache full:https://registry.npmjs.org/helmet set size:345403 disposed:false
48 silly fetch manifest jsonwebtoken@^9.0.2
49 silly packumentCache full:https://registry.npmjs.org/jsonwebtoken cache-miss
50 http cache https://registry.npmjs.org/jsonwebtoken 7ms (cache hit)
51 silly packumentCache full:https://registry.npmjs.org/jsonwebtoken set size:183413 disposed:false
52 silly fetch manifest pg@^8.11.3
53 silly packumentCache full:https://registry.npmjs.org/pg cache-miss
54 http cache https://registry.npmjs.org/pg 7ms (cache hit)
55 silly packumentCache full:https://registry.npmjs.org/pg set size:482398 disposed:false
56 silly fetch manifest pg-native@>=3.0.1
57 silly packumentCache full:https://registry.npmjs.org/pg-native cache-miss
58 http cache https://registry.npmjs.org/pg-native 5ms (cache hit)
59 silly packumentCache full:https://registry.npmjs.org/pg-native set size:94559 disposed:false
60 silly fetch manifest socket.io@^4.7.4
61 silly packumentCache full:https://registry.npmjs.org/socket.io cache-miss
62 http cache https://registry.npmjs.org/socket.io 8ms (cache hit)
63 silly packumentCache full:https://registry.npmjs.org/socket.io set size:379231 disposed:false
64 silly fetch manifest swagger-ui-express@^5.0.0
65 silly packumentCache full:https://registry.npmjs.org/swagger-ui-express cache-miss
66 http cache https://registry.npmjs.org/swagger-ui-express 6ms (cache hit)
67 silly packumentCache full:https://registry.npmjs.org/swagger-ui-express set size:143347 disposed:false
68 silly fetch manifest winston@^3.11.0
69 silly packumentCache full:https://registry.npmjs.org/winston cache-miss
70 http cache https://registry.npmjs.org/winston 6ms (cache hit)
71 silly packumentCache full:https://registry.npmjs.org/winston set size:276467 disposed:false
72 silly fetch manifest zod@^3.22.4
73 silly packumentCache full:https://registry.npmjs.org/zod cache-miss
74 http cache https://registry.npmjs.org/zod 14ms (cache hit)
75 silly packumentCache full:https://registry.npmjs.org/zod set size:4067120 disposed:false
76 silly fetch manifest @types/bcryptjs@^2.4.6
77 silly packumentCache full:https://registry.npmjs.org/@types%2fbcryptjs cache-miss
78 http cache https://registry.npmjs.org/@types%2fbcryptjs 12ms (cache hit)
79 silly packumentCache full:https://registry.npmjs.org/@types%2fbcryptjs set size:28223 disposed:false
80 silly fetch manifest @types/cors@^2.8.17
81 silly packumentCache full:https://registry.npmjs.org/@types%2fcors cache-miss
82 http cache https://registry.npmjs.org/@types%2fcors 7ms (cache hit)
83 silly packumentCache full:https://registry.npmjs.org/@types%2fcors set size:56991 disposed:false
84 silly fetch manifest @types/express@^4.17.21
85 silly packumentCache full:https://registry.npmjs.org/@types%2fexpress cache-miss
86 http cache https://registry.npmjs.org/@types%2fexpress 6ms (cache hit)
87 silly packumentCache full:https://registry.npmjs.org/@types%2fexpress set size:111364 disposed:false
88 silly fetch manifest @types/jsonwebtoken@^9.0.6
89 silly packumentCache full:https://registry.npmjs.org/@types%2fjsonwebtoken cache-miss
90 http cache https://registry.npmjs.org/@types%2fjsonwebtoken 6ms (cache hit)
91 silly packumentCache full:https://registry.npmjs.org/@types%2fjsonwebtoken set size:129919 disposed:false
92 silly fetch manifest @types/node@^20.11.24
93 silly packumentCache full:https://registry.npmjs.org/@types%2fnode cache-miss
94 http cache https://registry.npmjs.org/@types%2fnode 24ms (cache hit)
95 silly packumentCache full:https://registry.npmjs.org/@types%2fnode set size:11092436 disposed:false
96 silly fetch manifest @types/pg@^8.11.2
97 silly packumentCache full:https://registry.npmjs.org/@types%2fpg cache-miss
98 http cache https://registry.npmjs.org/@types%2fpg 8ms (cache hit)
99 silly packumentCache full:https://registry.npmjs.org/@types%2fpg set size:208301 disposed:false
100 silly fetch manifest @types/swagger-ui-express@^4.1.6
101 silly packumentCache full:https://registry.npmjs.org/@types%2fswagger-ui-express cache-miss
102 http cache https://registry.npmjs.org/@types%2fswagger-ui-express 8ms (cache hit)
103 silly packumentCache full:https://registry.npmjs.org/@types%2fswagger-ui-express set size:24677 disposed:false
104 silly fetch manifest ts-node@^10.9.2
105 silly packumentCache full:https://registry.npmjs.org/ts-node cache-miss
106 http cache https://registry.npmjs.org/ts-node 6ms (cache hit)
107 silly packumentCache full:https://registry.npmjs.org/ts-node set size:574573 disposed:false
108 silly fetch manifest @swc/core@>=1.2.50
109 silly packumentCache full:https://registry.npmjs.org/@swc%2fcore cache-miss
110 http cache https://registry.npmjs.org/@swc%2fcore 13ms (cache hit)
111 silly packumentCache full:https://registry.npmjs.org/@swc%2fcore set size:4086634 disposed:false
112 silly fetch manifest @swc/helpers@>=0.5.17
113 silly packumentCache full:https://registry.npmjs.org/@swc%2fhelpers cache-miss
114 http cache https://registry.npmjs.org/@swc%2fhelpers 7ms (cache hit)
115 silly packumentCache full:https://registry.npmjs.org/@swc%2fhelpers set size:775458 disposed:false
116 silly fetch manifest @swc/wasm@>=1.2.50
117 silly packumentCache full:https://registry.npmjs.org/@swc%2fwasm cache-miss
118 http cache https://registry.npmjs.org/@swc%2fwasm 8ms (cache hit)
119 silly packumentCache full:https://registry.npmjs.org/@swc%2fwasm set size:1379118 disposed:false
120 silly fetch manifest typescript@^5.3.3
121 silly packumentCache full:https://registry.npmjs.org/typescript cache-miss
122 http cache https://registry.npmjs.org/typescript 34ms (cache hit)
123 silly packumentCache full:https://registry.npmjs.org/typescript set size:15597675 disposed:false
124 silly fetch manifest ts-node-dev@^2.0.0
125 silly packumentCache full:https://registry.npmjs.org/ts-node-dev cache-miss
126 http cache https://registry.npmjs.org/ts-node-dev 7ms (cache hit)
127 silly packumentCache full:https://registry.npmjs.org/ts-node-dev set size:292560 disposed:false
128 silly fetch manifest node-notifier@*
129 silly packumentCache full:https://registry.npmjs.org/node-notifier cache-miss
130 http cache https://registry.npmjs.org/node-notifier 6ms (cache hit)
131 silly packumentCache full:https://registry.npmjs.org/node-notifier set size:171519 disposed:false
132 silly placeDep ROOT @types/bcryptjs@2.4.6 OK for: avrgreen-backend@1.0.0 want: ^2.4.6
133 silly placeDep ROOT @types/cors@2.8.19 OK for: avrgreen-backend@1.0.0 want: ^2.8.17
134 silly placeDep ROOT @types/express@4.17.25 OK for: avrgreen-backend@1.0.0 want: ^4.17.21
135 silly placeDep ROOT @types/jsonwebtoken@9.0.10 OK for: avrgreen-backend@1.0.0 want: ^9.0.6
136 silly placeDep ROOT @types/node@20.19.43 OK for: avrgreen-backend@1.0.0 want: ^20.11.24
137 silly placeDep ROOT @types/pg@8.23.1 OK for: avrgreen-backend@1.0.0 want: ^8.11.2
138 silly placeDep ROOT @types/swagger-ui-express@4.1.8 OK for: avrgreen-backend@1.0.0 want: ^4.1.6
139 silly placeDep ROOT bcryptjs@2.4.3 OK for: avrgreen-backend@1.0.0 want: ^2.4.3
140 silly placeDep ROOT bullmq@5.81.3 OK for: avrgreen-backend@1.0.0 want: ^5.1.0
141 silly placeDep ROOT cors@2.8.6 OK for: avrgreen-backend@1.0.0 want: ^2.8.5
142 silly placeDep ROOT dotenv@16.6.1 OK for: avrgreen-backend@1.0.0 want: ^16.4.5
143 silly placeDep ROOT express@4.22.2 OK for: avrgreen-backend@1.0.0 want: ^4.18.3
144 silly placeDep ROOT express-rate-limit@7.5.1 OK for: avrgreen-backend@1.0.0 want: ^7.1.5
145 silly placeDep ROOT helmet@7.2.0 OK for: avrgreen-backend@1.0.0 want: ^7.1.0
146 silly placeDep ROOT jsonwebtoken@9.0.3 OK for: avrgreen-backend@1.0.0 want: ^9.0.2
147 silly placeDep ROOT pg@8.23.0 OK for: avrgreen-backend@1.0.0 want: ^8.11.3
148 silly placeDep ROOT redis@4.7.1 OK for: avrgreen-backend@1.0.0 want: ^4.6.13
149 silly placeDep ROOT socket.io@4.8.3 OK for: avrgreen-backend@1.0.0 want: ^4.7.4
150 silly placeDep ROOT swagger-ui-express@5.0.1 OK for: avrgreen-backend@1.0.0 want: ^5.0.0
151 silly placeDep ROOT ts-node@10.9.2 OK for: avrgreen-backend@1.0.0 want: ^10.9.2
152 silly placeDep ROOT typescript@5.9.3 OK for: ts-node@10.9.2 want: >=2.7
153 silly placeDep ROOT ts-node-dev@2.0.0 OK for: avrgreen-backend@1.0.0 want: ^2.0.0
154 silly placeDep ROOT typescript@5.9.3 REPLACE for: avrgreen-backend@1.0.0 want: ^5.3.3
155 silly placeDep ROOT winston@3.19.0 OK for: avrgreen-backend@1.0.0 want: ^3.11.0
156 silly placeDep ROOT zod@3.25.76 OK for: avrgreen-backend@1.0.0 want: ^3.22.4
157 silly fetch manifest @types/node@*
158 silly packumentCache full:https://registry.npmjs.org/@types%2fnode cache-miss
159 silly fetch manifest @types/qs@*
160 silly packumentCache full:https://registry.npmjs.org/@types%2fqs cache-miss
161 silly fetch manifest @types/body-parser@*
162 silly packumentCache full:https://registry.npmjs.org/@types%2fbody-parser cache-miss
163 silly fetch manifest @types/serve-static@^1
164 silly packumentCache full:https://registry.npmjs.org/@types%2fserve-static cache-miss
165 silly fetch manifest @types/express-serve-static-core@^4.17.33
166 silly packumentCache full:https://registry.npmjs.org/@types%2fexpress-serve-static-core cache-miss
167 silly fetch manifest @types/ms@*
168 silly packumentCache full:https://registry.npmjs.org/@types%2fms cache-miss
169 silly fetch manifest @types/node@*
170 silly packumentCache full:https://registry.npmjs.org/@types%2fnode cache-miss
171 silly fetch manifest undici-types@~6.21.0
172 silly packumentCache full:https://registry.npmjs.org/undici-types cache-miss
173 silly fetch manifest pg-types@^2.2.0
174 silly packumentCache full:https://registry.npmjs.org/pg-types cache-miss
175 silly fetch manifest pg-protocol@*
176 silly packumentCache full:https://registry.npmjs.org/pg-protocol cache-miss
177 silly fetch manifest @types/serve-static@*
178 silly packumentCache full:https://registry.npmjs.org/@types%2fserve-static cache-miss
179 http cache https://registry.npmjs.org/@types%2fserve-static 30ms (cache hit)
180 silly packumentCache full:https://registry.npmjs.org/@types%2fserve-static set size:70859 disposed:false
181 silly fetch manifest tslib@2.8.1
182 silly packumentCache full:https://registry.npmjs.org/tslib cache-miss
183 http cache https://registry.npmjs.org/@types%2fexpress-serve-static-core 32ms (cache hit)
184 silly packumentCache full:https://registry.npmjs.org/@types%2fexpress-serve-static-core set size:271755 disposed:false
185 silly fetch manifest semver@7.8.5
186 silly packumentCache full:https://registry.npmjs.org/semver cache-miss
187 http cache https://registry.npmjs.org/@types%2fqs 35ms (cache hit)
188 silly packumentCache full:https://registry.npmjs.org/@types%2fqs set size:84522 disposed:false
189 silly fetch manifest ioredis@5.11.1
190 silly packumentCache full:https://registry.npmjs.org/ioredis cache-miss
191 http cache https://registry.npmjs.org/@types%2fbody-parser 37ms (cache hit)
192 silly packumentCache full:https://registry.npmjs.org/@types%2fbody-parser set size:59466 disposed:false
193 silly fetch manifest msgpackr@2.0.5
194 silly packumentCache full:https://registry.npmjs.org/msgpackr cache-miss
195 http cache https://registry.npmjs.org/@types%2fms 38ms (cache hit)
196 silly packumentCache full:https://registry.npmjs.org/@types%2fms set size:24399 disposed:false
197 silly fetch manifest cron-parser@4.9.0
198 silly packumentCache full:https://registry.npmjs.org/cron-parser cache-miss
199 http cache https://registry.npmjs.org/undici-types 39ms (cache hit)
200 silly packumentCache full:https://registry.npmjs.org/undici-types set size:250438 disposed:false
201 silly fetch manifest node-abort-controller@3.1.1
202 silly packumentCache full:https://registry.npmjs.org/node-abort-controller cache-miss
203 http cache https://registry.npmjs.org/@types%2fnode 58ms (cache hit)
204 silly packumentCache full:https://registry.npmjs.org/@types%2fnode set size:11092436 disposed:false
205 silly fetch manifest object-assign@^4
206 silly packumentCache full:https://registry.npmjs.org/object-assign cache-miss
207 http cache https://registry.npmjs.org/pg-types 107ms (cache hit)
208 silly packumentCache full:https://registry.npmjs.org/pg-types set size:51397 disposed:false
209 silly fetch manifest vary@^1
210 silly packumentCache full:https://registry.npmjs.org/vary cache-miss
211 http cache https://registry.npmjs.org/pg-protocol 109ms (cache hit)
212 silly packumentCache full:https://registry.npmjs.org/pg-protocol set size:57363 disposed:false
213 silly fetch manifest qs@~6.15.1
214 silly packumentCache full:https://registry.npmjs.org/qs cache-miss
215 http cache https://registry.npmjs.org/@types%2fserve-static 111ms (cache hit)
216 silly packumentCache full:https://registry.npmjs.org/@types%2fserve-static set size:70859 disposed:false
217 silly packumentCache full:https://registry.npmjs.org/@types%2fserve-static dispose
218 silly fetch manifest depd@2.0.0
219 silly packumentCache full:https://registry.npmjs.org/depd cache-miss
220 http cache https://registry.npmjs.org/@types%2fnode 129ms (cache hit)
221 silly packumentCache full:https://registry.npmjs.org/@types%2fnode set size:11092436 disposed:false
222 silly fetch manifest etag@~1.8.1
223 silly packumentCache full:https://registry.npmjs.org/etag cache-miss
224 http cache https://registry.npmjs.org/node-abort-controller 153ms (cache hit)
225 silly packumentCache full:https://registry.npmjs.org/node-abort-controller set size:38850 disposed:false
226 silly fetch manifest send@~0.19.0
227 silly packumentCache full:https://registry.npmjs.org/send cache-miss
228 http cache https://registry.npmjs.org/semver 161ms (cache hit)
229 silly packumentCache full:https://registry.npmjs.org/semver set size:246069 disposed:false
230 silly fetch manifest vary@~1.1.2
231 silly packumentCache full:https://registry.npmjs.org/vary cache-miss
232 http cache https://registry.npmjs.org/tslib 169ms (cache hit)
233 silly packumentCache full:https://registry.npmjs.org/tslib set size:108843 disposed:false
234 silly fetch manifest debug@2.6.9
235 silly packumentCache full:https://registry.npmjs.org/debug cache-miss
236 http cache https://registry.npmjs.org/ioredis 166ms (cache hit)
237 silly packumentCache full:https://registry.npmjs.org/ioredis set size:859203 disposed:false
238 silly fetch manifest fresh@~0.5.2
239 silly packumentCache full:https://registry.npmjs.org/fresh cache-miss
240 http cache https://registry.npmjs.org/object-assign 102ms (cache hit)
241 silly packumentCache full:https://registry.npmjs.org/object-assign set size:28988 disposed:false
242 silly fetch manifest cookie@~0.7.1
243 silly packumentCache full:https://registry.npmjs.org/cookie cache-miss
244 http cache https://registry.npmjs.org/cron-parser 173ms (cache hit)
245 silly packumentCache full:https://registry.npmjs.org/cron-parser set size:368796 disposed:false
246 silly fetch manifest accepts@~1.3.8
247 silly packumentCache full:https://registry.npmjs.org/accepts cache-miss
248 http cache https://registry.npmjs.org/msgpackr 178ms (cache hit)
249 silly packumentCache full:https://registry.npmjs.org/msgpackr set size:442279 disposed:false
250 silly fetch manifest methods@~1.1.2
251 silly packumentCache full:https://registry.npmjs.org/methods cache-miss
252 http cache https://registry.npmjs.org/vary 110ms (cache hit)
253 silly packumentCache full:https://registry.npmjs.org/vary set size:15994 disposed:false
254 silly fetch manifest type-is@~1.6.18
255 silly packumentCache full:https://registry.npmjs.org/type-is cache-miss
256 http cache https://registry.npmjs.org/qs 111ms (cache hit)
257 silly packumentCache full:https://registry.npmjs.org/qs set size:360318 disposed:false
258 silly fetch manifest parseurl@~1.3.3
259 silly packumentCache full:https://registry.npmjs.org/parseurl cache-miss
260 http cache https://registry.npmjs.org/depd 113ms (cache hit)
261 silly packumentCache full:https://registry.npmjs.org/depd set size:40182 disposed:false
262 silly fetch manifest statuses@~2.0.1
263 silly packumentCache full:https://registry.npmjs.org/statuses cache-miss
264 http cache https://registry.npmjs.org/etag 45ms (cache hit)
265 silly packumentCache full:https://registry.npmjs.org/etag set size:30032 disposed:false
266 silly fetch manifest encodeurl@~2.0.0
267 silly packumentCache full:https://registry.npmjs.org/encodeurl cache-miss
268 http cache https://registry.npmjs.org/vary 40ms (cache hit)
269 silly packumentCache full:https://registry.npmjs.org/vary set size:15994 disposed:false
270 silly packumentCache full:https://registry.npmjs.org/vary dispose
271 silly fetch manifest proxy-addr@~2.0.7
272 silly packumentCache full:https://registry.npmjs.org/proxy-addr cache-miss
273 http cache https://registry.npmjs.org/send 45ms (cache hit)
274 silly packumentCache full:https://registry.npmjs.org/send set size:152810 disposed:false
275 silly fetch manifest body-parser@~1.20.5
276 silly packumentCache full:https://registry.npmjs.org/body-parser cache-miss
277 http cache https://registry.npmjs.org/debug 43ms (cache hit)
278 silly packumentCache full:https://registry.npmjs.org/debug set size:195840 disposed:false
279 silly fetch manifest escape-html@~1.0.3
280 silly packumentCache full:https://registry.npmjs.org/escape-html cache-miss
281 http cache https://registry.npmjs.org/fresh 56ms (cache hit)
282 silly packumentCache full:https://registry.npmjs.org/fresh set size:25427 disposed:false
283 silly fetch manifest http-errors@~2.0.0
284 silly packumentCache full:https://registry.npmjs.org/http-errors cache-miss
285 http cache https://registry.npmjs.org/cookie 55ms (cache hit)
286 silly packumentCache full:https://registry.npmjs.org/cookie set size:78274 disposed:false
287 silly fetch manifest on-finished@~2.4.1
288 silly packumentCache full:https://registry.npmjs.org/on-finished cache-miss
289 http cache https://registry.npmjs.org/accepts 53ms (cache hit)
290 silly packumentCache full:https://registry.npmjs.org/accepts set size:77054 disposed:false
291 silly fetch manifest safe-buffer@5.2.1
292 silly packumentCache full:https://registry.npmjs.org/safe-buffer cache-miss
293 http cache https://registry.npmjs.org/type-is 50ms (cache hit)
294 silly packumentCache full:https://registry.npmjs.org/type-is set size:88614 disposed:false
295 silly fetch manifest utils-merge@1.0.1
296 silly packumentCache full:https://registry.npmjs.org/utils-merge cache-miss
297 http cache https://registry.npmjs.org/methods 52ms (cache hit)
298 silly packumentCache full:https://registry.npmjs.org/methods set size:12600 disposed:false
299 silly fetch manifest content-type@~1.0.4
300 silly packumentCache full:https://registry.npmjs.org/content-type cache-miss
301 http cache https://registry.npmjs.org/statuses 47ms (cache hit)
302 silly packumentCache full:https://registry.npmjs.org/statuses set size:37117 disposed:false
303 silly fetch manifest finalhandler@~1.3.1
304 silly packumentCache full:https://registry.npmjs.org/finalhandler cache-miss
305 http cache https://registry.npmjs.org/parseurl 50ms (cache hit)
306 silly packumentCache full:https://registry.npmjs.org/parseurl set size:24148 disposed:false
307 silly fetch manifest range-parser@~1.2.1
308 silly packumentCache full:https://registry.npmjs.org/range-parser cache-miss
309 http cache https://registry.npmjs.org/encodeurl 48ms (cache hit)
310 silly packumentCache full:https://registry.npmjs.org/encodeurl set size:12296 disposed:false
311 silly fetch manifest serve-static@~1.16.2
312 silly packumentCache full:https://registry.npmjs.org/serve-static cache-miss
313 http cache https://registry.npmjs.org/proxy-addr 49ms (cache hit)
314 silly packumentCache full:https://registry.npmjs.org/proxy-addr set size:61619 disposed:false
315 silly fetch manifest array-flatten@1.1.1
316 silly packumentCache full:https://registry.npmjs.org/array-flatten cache-miss
317 http cache https://registry.npmjs.org/body-parser 49ms (cache hit)
318 silly packumentCache full:https://registry.npmjs.org/body-parser set size:204559 disposed:false
319 silly fetch manifest path-to-regexp@~0.1.12
320 silly packumentCache full:https://registry.npmjs.org/path-to-regexp cache-miss
321 http cache https://registry.npmjs.org/http-errors 32ms (cache hit)
322 silly packumentCache full:https://registry.npmjs.org/http-errors set size:71987 disposed:false
323 silly fetch manifest setprototypeof@1.2.0
324 silly packumentCache full:https://registry.npmjs.org/setprototypeof cache-miss
325 http cache https://registry.npmjs.org/escape-html 52ms (cache hit)
326 silly packumentCache full:https://registry.npmjs.org/escape-html set size:7345 disposed:false
327 silly fetch manifest cookie-signature@~1.0.6
328 silly packumentCache full:https://registry.npmjs.org/cookie-signature cache-miss
329 http cache https://registry.npmjs.org/on-finished 33ms (cache hit)
330 silly packumentCache full:https://registry.npmjs.org/on-finished set size:23212 disposed:false
331 silly fetch manifest merge-descriptors@1.0.3
332 silly packumentCache full:https://registry.npmjs.org/merge-descriptors cache-miss
333 http cache https://registry.npmjs.org/safe-buffer 33ms (cache hit)
334 silly packumentCache full:https://registry.npmjs.org/safe-buffer set size:41183 disposed:false
335 silly fetch manifest content-disposition@~0.5.4
336 silly packumentCache full:https://registry.npmjs.org/content-disposition cache-miss
337 http cache https://registry.npmjs.org/utils-merge 32ms (cache hit)
338 silly packumentCache full:https://registry.npmjs.org/utils-merge set size:5237 disposed:false
339 silly fetch manifest ms@^2.1.1
340 silly packumentCache full:https://registry.npmjs.org/ms cache-miss
341 http cache https://registry.npmjs.org/content-type 32ms (cache hit)
342 silly packumentCache full:https://registry.npmjs.org/content-type set size:23936 disposed:false
343 silly fetch manifest jws@^4.0.1
344 silly packumentCache full:https://registry.npmjs.org/jws cache-miss
345 http cache https://registry.npmjs.org/finalhandler 31ms (cache hit)
346 silly packumentCache full:https://registry.npmjs.org/finalhandler set size:79291 disposed:false
347 silly fetch manifest semver@^7.5.4
348 silly packumentCache full:https://registry.npmjs.org/semver cache-hit
349 silly fetch manifest lodash.once@^4.0.0
350 silly packumentCache full:https://registry.npmjs.org/lodash.once cache-miss
351 http cache https://registry.npmjs.org/range-parser 32ms (cache hit)
352 silly packumentCache full:https://registry.npmjs.org/range-parser set size:24852 disposed:false
353 silly fetch manifest lodash.includes@^4.3.0
354 silly packumentCache full:https://registry.npmjs.org/lodash.includes cache-miss
355 http cache https://registry.npmjs.org/serve-static 33ms (cache hit)
356 silly packumentCache full:https://registry.npmjs.org/serve-static set size:150391 disposed:false
357 silly fetch manifest lodash.isnumber@^3.0.3
358 silly packumentCache full:https://registry.npmjs.org/lodash.isnumber cache-miss
359 http cache https://registry.npmjs.org/path-to-regexp 43ms (cache hit)
360 silly packumentCache full:https://registry.npmjs.org/path-to-regexp set size:216334 disposed:false
361 silly fetch manifest lodash.isstring@^4.0.1
362 silly packumentCache full:https://registry.npmjs.org/lodash.isstring cache-miss
363 http cache https://registry.npmjs.org/array-flatten 49ms (cache hit)
364 silly packumentCache full:https://registry.npmjs.org/array-flatten set size:24005 disposed:false
365 silly fetch manifest lodash.isboolean@^3.0.3
366 silly packumentCache full:https://registry.npmjs.org/lodash.isboolean cache-miss
367 http cache https://registry.npmjs.org/setprototypeof 44ms (cache hit)
368 silly packumentCache full:https://registry.npmjs.org/setprototypeof set size:14532 disposed:false
369 silly fetch manifest lodash.isinteger@^4.0.4
370 silly packumentCache full:https://registry.npmjs.org/lodash.isinteger cache-miss
371 http cache https://registry.npmjs.org/merge-descriptors 42ms (cache hit)
372 silly packumentCache full:https://registry.npmjs.org/merge-descriptors set size:16527 disposed:false
373 silly fetch manifest lodash.isplainobject@^4.0.6
374 silly packumentCache full:https://registry.npmjs.org/lodash.isplainobject cache-miss
375 http cache https://registry.npmjs.org/cookie-signature 46ms (cache hit)
376 silly packumentCache full:https://registry.npmjs.org/cookie-signature set size:21777 disposed:false
377 silly fetch manifest pgpass@1.0.5
378 silly packumentCache full:https://registry.npmjs.org/pgpass cache-miss
379 http cache https://registry.npmjs.org/content-disposition 46ms (cache hit)
380 silly packumentCache full:https://registry.npmjs.org/content-disposition set size:45446 disposed:false
381 silly fetch manifest pg-pool@^3.14.0
382 silly packumentCache full:https://registry.npmjs.org/pg-pool cache-miss
383 http cache https://registry.npmjs.org/jws 45ms (cache hit)
384 silly packumentCache full:https://registry.npmjs.org/jws set size:48740 disposed:false
385 silly fetch manifest pg-types@2.2.0
386 silly packumentCache full:https://registry.npmjs.org/pg-types cache-hit
387 silly fetch manifest pg-protocol@^1.16.0
388 silly packumentCache full:https://registry.npmjs.org/pg-protocol cache-hit
389 silly fetch manifest pg-connection-string@^2.14.0
390 silly packumentCache full:https://registry.npmjs.org/pg-connection-string cache-miss
391 http cache https://registry.npmjs.org/ms 48ms (cache hit)
392 silly packumentCache full:https://registry.npmjs.org/ms set size:92208 disposed:false
393 silly fetch manifest pg-cloudflare@^1.4.0
394 silly packumentCache full:https://registry.npmjs.org/pg-cloudflare cache-miss
395 http cache https://registry.npmjs.org/lodash.includes 44ms (cache hit)
396 silly packumentCache full:https://registry.npmjs.org/lodash.includes set size:27594 disposed:false
397 silly fetch manifest @redis/json@1.0.7
398 silly packumentCache full:https://registry.npmjs.org/@redis%2fjson cache-miss
399 http cache https://registry.npmjs.org/lodash.once 47ms (cache hit)
400 silly packumentCache full:https://registry.npmjs.org/lodash.once set size:23407 disposed:false
401 silly fetch manifest @redis/bloom@1.2.0
402 silly packumentCache full:https://registry.npmjs.org/@redis%2fbloom cache-miss
403 http cache https://registry.npmjs.org/lodash.isnumber 43ms (cache hit)
404 silly packumentCache full:https://registry.npmjs.org/lodash.isnumber set size:21368 disposed:false
405 silly fetch manifest @redis/graph@1.1.1
406 silly packumentCache full:https://registry.npmjs.org/@redis%2fgraph cache-miss
407 http cache https://registry.npmjs.org/lodash.isboolean 29ms (cache hit)
408 silly packumentCache full:https://registry.npmjs.org/lodash.isboolean set size:21437 disposed:false
409 silly fetch manifest @redis/client@1.6.1
410 silly packumentCache full:https://registry.npmjs.org/@redis%2fclient cache-miss
411 http cache https://registry.npmjs.org/lodash.isstring 32ms (cache hit)
412 silly packumentCache full:https://registry.npmjs.org/lodash.isstring set size:21368 disposed:false
413 silly fetch manifest @redis/search@1.2.0
414 silly packumentCache full:https://registry.npmjs.org/@redis%2fsearch cache-miss
415 http cache https://registry.npmjs.org/lodash.isplainobject 32ms (cache hit)
416 silly packumentCache full:https://registry.npmjs.org/lodash.isplainobject set size:38531 disposed:false
417 silly fetch manifest @redis/time-series@1.1.0
418 silly packumentCache full:https://registry.npmjs.org/@redis%2ftime-series cache-miss
419 http cache https://registry.npmjs.org/pgpass 31ms (cache hit)
420 silly packumentCache full:https://registry.npmjs.org/pgpass set size:28590 disposed:false
421 silly fetch manifest accepts@~1.3.4
422 silly packumentCache full:https://registry.npmjs.org/accepts cache-hit
423 silly fetch manifest base64id@~2.0.0
424 silly packumentCache full:https://registry.npmjs.org/base64id cache-miss
425 http cache https://registry.npmjs.org/lodash.isinteger 36ms (cache hit)
426 silly packumentCache full:https://registry.npmjs.org/lodash.isinteger set size:10827 disposed:false
427 silly fetch manifest debug@~4.4.1
428 silly packumentCache full:https://registry.npmjs.org/debug cache-hit
429 silly fetch manifest engine.io@~6.6.0
430 silly packumentCache full:https://registry.npmjs.org/engine.io cache-miss
431 http cache https://registry.npmjs.org/pg-connection-string 29ms (cache hit)
432 silly packumentCache full:https://registry.npmjs.org/pg-connection-string set size:78715 disposed:false
433 silly fetch manifest socket.io-adapter@~2.5.2
434 silly packumentCache full:https://registry.npmjs.org/socket.io-adapter cache-miss
435 http cache https://registry.npmjs.org/pg-pool 33ms (cache hit)
436 silly packumentCache full:https://registry.npmjs.org/pg-pool set size:132010 disposed:false
437 silly fetch manifest socket.io-parser@~4.2.4
438 silly packumentCache full:https://registry.npmjs.org/socket.io-parser cache-miss
439 http cache https://registry.npmjs.org/pg-cloudflare 32ms (cache hit)
440 silly packumentCache full:https://registry.npmjs.org/pg-cloudflare set size:22655 disposed:false
441 silly fetch manifest swagger-ui-dist@>=5.0.0
442 silly packumentCache full:https://registry.npmjs.org/swagger-ui-dist cache-miss
443 http cache https://registry.npmjs.org/@redis%2fjson 32ms (cache hit)
444 silly packumentCache full:https://registry.npmjs.org/@redis%2fjson set size:75619 disposed:false
445 silly fetch manifest yn@3.1.1
446 silly packumentCache full:https://registry.npmjs.org/yn cache-miss
447 http cache https://registry.npmjs.org/@redis%2fbloom 33ms (cache hit)
448 silly packumentCache full:https://registry.npmjs.org/@redis%2fbloom set size:73645 disposed:false
449 silly fetch manifest arg@^4.1.0
450 silly packumentCache full:https://registry.npmjs.org/arg cache-miss
451 http cache https://registry.npmjs.org/@redis%2fgraph 32ms (cache hit)
452 silly packumentCache full:https://registry.npmjs.org/@redis%2fgraph set size:14382 disposed:false
453 silly fetch manifest diff@^4.0.1
454 silly packumentCache full:https://registry.npmjs.org/diff cache-miss
455 http cache https://registry.npmjs.org/@redis%2fsearch 32ms (cache hit)
456 silly packumentCache full:https://registry.npmjs.org/@redis%2fsearch set size:93873 disposed:false
457 silly fetch manifest acorn@^8.4.1
458 silly packumentCache full:https://registry.npmjs.org/acorn cache-miss
459 http cache https://registry.npmjs.org/@redis%2fclient 35ms (cache hit)
460 silly packumentCache full:https://registry.npmjs.org/@redis%2fclient set size:150811 disposed:false
461 silly fetch manifest acorn-walk@^8.1.1
462 silly packumentCache full:https://registry.npmjs.org/acorn-walk cache-miss
463 http cache https://registry.npmjs.org/@redis%2ftime-series 34ms (cache hit)
464 silly packumentCache full:https://registry.npmjs.org/@redis%2ftime-series set size:79118 disposed:false
465 silly fetch manifest make-error@^1.1.1
466 silly packumentCache full:https://registry.npmjs.org/make-error cache-miss
467 http cache https://registry.npmjs.org/base64id 33ms (cache hit)
468 silly packumentCache full:https://registry.npmjs.org/base64id set size:6136 disposed:false
469 silly fetch manifest create-require@^1.1.0
470 silly packumentCache full:https://registry.npmjs.org/create-require cache-miss
471 http cache https://registry.npmjs.org/engine.io 33ms (cache hit)
472 silly packumentCache full:https://registry.npmjs.org/engine.io set size:396042 disposed:false
473 silly fetch manifest @tsconfig/node10@^1.0.7
474 silly packumentCache full:https://registry.npmjs.org/@tsconfig%2fnode10 cache-miss
475 http cache https://registry.npmjs.org/swagger-ui-dist 32ms (cache hit)
476 silly packumentCache full:https://registry.npmjs.org/swagger-ui-dist set size:864023 disposed:false
477 silly fetch manifest @tsconfig/node12@^1.0.7
478 silly packumentCache full:https://registry.npmjs.org/@tsconfig%2fnode12 cache-miss
479 http cache https://registry.npmjs.org/socket.io-parser 39ms (cache hit)
480 silly packumentCache full:https://registry.npmjs.org/socket.io-parser set size:130849 disposed:false
481 silly fetch manifest @tsconfig/node14@^1.0.0
482 silly packumentCache full:https://registry.npmjs.org/@tsconfig%2fnode14 cache-miss
483 http cache https://registry.npmjs.org/socket.io-adapter 43ms (cache hit)
484 silly packumentCache full:https://registry.npmjs.org/socket.io-adapter set size:71138 disposed:false
485 silly fetch manifest @tsconfig/node16@^1.0.2
486 silly packumentCache full:https://registry.npmjs.org/@tsconfig%2fnode16 cache-miss
487 http cache https://registry.npmjs.org/yn 40ms (cache hit)
488 silly packumentCache full:https://registry.npmjs.org/yn set size:23572 disposed:false
489 silly fetch manifest v8-compile-cache-lib@^3.0.1
490 silly packumentCache full:https://registry.npmjs.org/v8-compile-cache-lib cache-miss
491 http cache https://registry.npmjs.org/arg 40ms (cache hit)
492 silly packumentCache full:https://registry.npmjs.org/arg set size:67036 disposed:false
493 silly fetch manifest @cspotcode/source-map-support@^0.8.0
494 silly packumentCache full:https://registry.npmjs.org/@cspotcode%2fsource-map-support cache-miss
495 http cache https://registry.npmjs.org/diff 40ms (cache hit)
496 silly packumentCache full:https://registry.npmjs.org/diff set size:154400 disposed:false
497 silly fetch manifest chokidar@^3.5.1
498 silly packumentCache full:https://registry.npmjs.org/chokidar cache-miss
499 http cache https://registry.npmjs.org/acorn-walk 35ms (cache hit)
500 silly packumentCache full:https://registry.npmjs.org/acorn-walk set size:49813 disposed:false
501 silly fetch manifest dynamic-dedupe@^0.3.0
502 silly packumentCache full:https://registry.npmjs.org/dynamic-dedupe cache-miss
503 http cache https://registry.npmjs.org/acorn 41ms (cache hit)
504 silly packumentCache full:https://registry.npmjs.org/acorn set size:383439 disposed:false
505 silly fetch manifest minimist@^1.2.6
506 silly packumentCache full:https://registry.npmjs.org/minimist cache-miss
507 http cache https://registry.npmjs.org/make-error 39ms (cache hit)
508 silly packumentCache full:https://registry.npmjs.org/make-error set size:45218 disposed:false
509 silly fetch manifest mkdirp@^1.0.4
510 silly packumentCache full:https://registry.npmjs.org/mkdirp cache-miss
511 http cache https://registry.npmjs.org/create-require 40ms (cache hit)
512 silly packumentCache full:https://registry.npmjs.org/create-require set size:20551 disposed:false
513 silly fetch manifest resolve@^1.0.0
514 silly packumentCache full:https://registry.npmjs.org/resolve cache-miss
515 http cache https://registry.npmjs.org/@tsconfig%2fnode12 32ms (cache hit)
516 silly packumentCache full:https://registry.npmjs.org/@tsconfig%2fnode12 set size:40496 disposed:false
517 silly fetch manifest rimraf@^2.6.1
518 silly packumentCache full:https://registry.npmjs.org/rimraf cache-miss
519 http cache https://registry.npmjs.org/@tsconfig%2fnode10 40ms (cache hit)
520 silly packumentCache full:https://registry.npmjs.org/@tsconfig%2fnode10 set size:28551 disposed:false
521 silly fetch manifest source-map-support@^0.5.12
522 silly packumentCache full:https://registry.npmjs.org/source-map-support cache-miss
523 http cache https://registry.npmjs.org/@tsconfig%2fnode14 33ms (cache hit)
524 silly packumentCache full:https://registry.npmjs.org/@tsconfig%2fnode14 set size:25627 disposed:false
525 silly fetch manifest tree-kill@^1.2.2
526 silly packumentCache full:https://registry.npmjs.org/tree-kill cache-miss
527 http cache https://registry.npmjs.org/@tsconfig%2fnode16 32ms (cache hit)
528 silly packumentCache full:https://registry.npmjs.org/@tsconfig%2fnode16 set size:26898 disposed:false
529 silly fetch manifest tsconfig@^7.0.0
530 silly packumentCache full:https://registry.npmjs.org/tsconfig cache-miss
531 http cache https://registry.npmjs.org/v8-compile-cache-lib 32ms (cache hit)
532 silly packumentCache full:https://registry.npmjs.org/v8-compile-cache-lib set size:8746 disposed:false
533 silly fetch manifest async@^3.2.3
534 silly packumentCache full:https://registry.npmjs.org/async cache-miss
535 http cache https://registry.npmjs.org/chokidar 31ms (cache hit)
536 silly packumentCache full:https://registry.npmjs.org/chokidar set size:255902 disposed:false
537 silly fetch manifest logform@^2.7.0
538 silly packumentCache full:https://registry.npmjs.org/logform cache-miss
539 http cache https://registry.npmjs.org/@cspotcode%2fsource-map-support 36ms (cache hit)
540 silly packumentCache full:https://registry.npmjs.org/@cspotcode%2fsource-map-support set size:30214 disposed:false
541 silly fetch manifest one-time@^1.0.0
542 silly packumentCache full:https://registry.npmjs.org/one-time cache-miss
543 http cache https://registry.npmjs.org/minimist 31ms (cache hit)
544 silly packumentCache full:https://registry.npmjs.org/minimist set size:77063 disposed:false
545 silly fetch manifest is-stream@^2.0.0
546 silly packumentCache full:https://registry.npmjs.org/is-stream cache-miss
547 http cache https://registry.npmjs.org/dynamic-dedupe 38ms (cache hit)
548 silly packumentCache full:https://registry.npmjs.org/dynamic-dedupe set size:10666 disposed:false
549 silly fetch manifest stack-trace@0.0.x
550 silly packumentCache full:https://registry.npmjs.org/stack-trace cache-miss
551 http cache https://registry.npmjs.org/resolve 32ms (cache hit)
552 silly packumentCache full:https://registry.npmjs.org/resolve set size:244568 disposed:false
553 silly fetch manifest triple-beam@^1.3.0
554 silly packumentCache full:https://registry.npmjs.org/triple-beam cache-miss
555 http cache https://registry.npmjs.org/mkdirp 37ms (cache hit)
556 silly packumentCache full:https://registry.npmjs.org/mkdirp set size:116415 disposed:false
557 silly fetch manifest @colors/colors@^1.6.0
558 silly packumentCache full:https://registry.npmjs.org/@colors%2fcolors cache-miss
559 http cache https://registry.npmjs.org/source-map-support 34ms (cache hit)
560 silly packumentCache full:https://registry.npmjs.org/source-map-support set size:125488 disposed:false
561 silly fetch manifest readable-stream@^3.4.0
562 silly packumentCache full:https://registry.npmjs.org/readable-stream cache-miss
563 http cache https://registry.npmjs.org/async 32ms (cache hit)
564 silly packumentCache full:https://registry.npmjs.org/async set size:230482 disposed:false
565 silly fetch manifest @dabh/diagnostics@^2.0.8
566 silly packumentCache full:https://registry.npmjs.org/@dabh%2fdiagnostics cache-miss
567 http cache https://registry.npmjs.org/rimraf 41ms (cache hit)
568 silly packumentCache full:https://registry.npmjs.org/rimraf set size:212626 disposed:false
569 silly fetch manifest winston-transport@^4.9.0
570 silly packumentCache full:https://registry.npmjs.org/winston-transport cache-miss
571 http cache https://registry.npmjs.org/tree-kill 40ms (cache hit)
572 silly packumentCache full:https://registry.npmjs.org/tree-kill set size:24180 disposed:false
573 silly fetch manifest safe-stable-stringify@^2.3.1
574 silly packumentCache full:https://registry.npmjs.org/safe-stable-stringify cache-miss
575 http cache https://registry.npmjs.org/tsconfig 41ms (cache hit)
576 silly packumentCache full:https://registry.npmjs.org/tsconfig set size:51634 disposed:false
577 http cache https://registry.npmjs.org/logform 36ms (cache hit)
578 silly packumentCache full:https://registry.npmjs.org/logform set size:101534 disposed:false
579 http cache https://registry.npmjs.org/one-time 37ms (cache hit)
580 silly packumentCache full:https://registry.npmjs.org/one-time set size:12254 disposed:false
581 http cache https://registry.npmjs.org/@colors%2fcolors 26ms (cache hit)
582 silly packumentCache full:https://registry.npmjs.org/@colors%2fcolors set size:12042 disposed:false
583 http cache https://registry.npmjs.org/is-stream 35ms (cache hit)
584 silly packumentCache full:https://registry.npmjs.org/is-stream set size:18582 disposed:false
585 http cache https://registry.npmjs.org/triple-beam 31ms (cache hit)
586 silly packumentCache full:https://registry.npmjs.org/triple-beam set size:15133 disposed:false
587 http cache https://registry.npmjs.org/stack-trace 35ms (cache hit)
588 silly packumentCache full:https://registry.npmjs.org/stack-trace set size:26046 disposed:false
589 http cache https://registry.npmjs.org/winston-transport 24ms (cache hit)
590 silly packumentCache full:https://registry.npmjs.org/winston-transport set size:60135 disposed:false
591 http cache https://registry.npmjs.org/@dabh%2fdiagnostics 29ms (cache hit)
592 silly packumentCache full:https://registry.npmjs.org/@dabh%2fdiagnostics set size:34310 disposed:false
593 http cache https://registry.npmjs.org/safe-stable-stringify 25ms (cache hit)
594 silly packumentCache full:https://registry.npmjs.org/safe-stable-stringify set size:45091 disposed:false
595 http cache https://registry.npmjs.org/readable-stream 34ms (cache hit)
596 silly packumentCache full:https://registry.npmjs.org/readable-stream set size:261096 disposed:false
597 silly placeDep ROOT @types/body-parser@1.19.6 OK for: @types/express@4.17.25 want: *
598 silly placeDep ROOT @types/express-serve-static-core@4.19.9 OK for: @types/express@4.17.25 want: ^4.17.33
599 silly placeDep ROOT @types/qs@6.15.1 OK for: @types/express@4.17.25 want: *
600 silly placeDep ROOT @types/serve-static@1.15.10 OK for: @types/express@4.17.25 want: ^1
601 silly fetch manifest @types/connect@*
602 silly packumentCache full:https://registry.npmjs.org/@types%2fconnect cache-miss
603 silly fetch manifest @types/send@*
604 silly packumentCache full:https://registry.npmjs.org/@types%2fsend cache-miss
605 silly fetch manifest @types/range-parser@*
606 silly packumentCache full:https://registry.npmjs.org/@types%2frange-parser cache-miss
607 silly fetch manifest @types/send@<1
608 silly packumentCache full:https://registry.npmjs.org/@types%2fsend cache-miss
609 silly fetch manifest @types/http-errors@*
610 silly packumentCache full:https://registry.npmjs.org/@types%2fhttp-errors cache-miss
611 http cache https://registry.npmjs.org/@types%2fconnect 11ms (cache hit)
612 silly packumentCache full:https://registry.npmjs.org/@types%2fconnect set size:31512 disposed:false
613 http cache https://registry.npmjs.org/@types%2fsend 11ms (cache hit)
614 silly packumentCache full:https://registry.npmjs.org/@types%2fsend set size:29985 disposed:false
615 http cache https://registry.npmjs.org/@types%2frange-parser 12ms (cache hit)
616 silly packumentCache full:https://registry.npmjs.org/@types%2frange-parser set size:15278 disposed:false
617 http cache https://registry.npmjs.org/@types%2fhttp-errors 12ms (cache hit)
618 silly packumentCache full:https://registry.npmjs.org/@types%2fhttp-errors set size:48994 disposed:false
619 http cache https://registry.npmjs.org/@types%2fsend 13ms (cache hit)
620 silly packumentCache full:https://registry.npmjs.org/@types%2fsend set size:29985 disposed:false
621 silly packumentCache full:https://registry.npmjs.org/@types%2fsend dispose
622 silly placeDep ROOT @types/connect@3.4.38 OK for: @types/body-parser@1.19.6 want: *
623 silly placeDep ROOT @types/range-parser@1.2.7 OK for: @types/express-serve-static-core@4.19.9 want: *
624 silly placeDep ROOT @types/send@1.2.1 OK for: @types/express-serve-static-core@4.19.9 want: *
625 silly placeDep ROOT @types/ms@2.1.0 OK for: @types/jsonwebtoken@9.0.10 want: *
626 silly placeDep ROOT undici-types@6.21.0 OK for: @types/node@20.19.43 want: ~6.21.0
627 silly placeDep ROOT pg-protocol@1.16.0 OK for: @types/pg@8.23.1 want: *
628 silly placeDep ROOT pg-types@2.2.0 OK for: @types/pg@8.23.1 want: ^2.2.0
629 silly fetch manifest pg-int8@1.0.1
630 silly packumentCache full:https://registry.npmjs.org/pg-int8 cache-miss
631 silly fetch manifest postgres-date@~1.0.4
632 silly packumentCache full:https://registry.npmjs.org/postgres-date cache-miss
633 silly fetch manifest postgres-array@~2.0.0
634 silly packumentCache full:https://registry.npmjs.org/postgres-array cache-miss
635 silly fetch manifest postgres-bytea@~1.0.0
636 silly packumentCache full:https://registry.npmjs.org/postgres-bytea cache-miss
637 silly fetch manifest postgres-interval@^1.1.0
638 silly packumentCache full:https://registry.npmjs.org/postgres-interval cache-miss
639 http cache https://registry.npmjs.org/pg-int8 11ms (cache hit)
640 silly packumentCache full:https://registry.npmjs.org/pg-int8 set size:3652 disposed:false
641 http cache https://registry.npmjs.org/postgres-date 11ms (cache hit)
642 silly packumentCache full:https://registry.npmjs.org/postgres-date set size:27126 disposed:false
643 http cache https://registry.npmjs.org/postgres-array 13ms (cache hit)
644 silly packumentCache full:https://registry.npmjs.org/postgres-array set size:21967 disposed:false
645 http cache https://registry.npmjs.org/postgres-bytea 14ms (cache hit)
646 silly packumentCache full:https://registry.npmjs.org/postgres-bytea set size:8854 disposed:false
647 http cache https://registry.npmjs.org/postgres-interval 15ms (cache hit)
648 silly packumentCache full:https://registry.npmjs.org/postgres-interval set size:33033 disposed:false
649 silly placeDep ROOT @types/http-errors@2.0.5 OK for: @types/serve-static@1.15.10 want: *
650 silly placeDep node_modules/@types/serve-static @types/send@0.17.6 OK for: @types/serve-static@1.15.10 want: <1
651 silly fetch manifest @types/mime@^1
652 silly packumentCache full:https://registry.npmjs.org/@types%2fmime cache-miss
653 http fetch GET 200 https://registry.npmjs.org/@types%2fmime 488ms (cache miss)
654 silly packumentCache full:https://registry.npmjs.org/@types%2fmime set size:undefined disposed:false
655 silly placeDep ROOT cron-parser@4.9.0 OK for: bullmq@5.81.3 want: 4.9.0
656 silly placeDep ROOT ioredis@5.11.1 OK for: bullmq@5.81.3 want: 5.11.1
657 silly placeDep ROOT msgpackr@2.0.5 OK for: bullmq@5.81.3 want: 2.0.5
658 silly placeDep ROOT node-abort-controller@3.1.1 OK for: bullmq@5.81.3 want: 3.1.1
659 verbose stack Error: could not resolve
659 verbose stack     at PlaceDep.failPeerConflict (C:\Program Files\nodejs\node_modules\npm\node_modules\@npmcli\arborist\lib\place-dep.js:503:25)
659 verbose stack     at new PlaceDep (C:\Program Files\nodejs\node_modules\npm\node_modules\@npmcli\arborist\lib\place-dep.js:157:21)
659 verbose stack     at #buildDepStep (C:\Program Files\nodejs\node_modules\npm\node_modules\@npmcli\arborist\lib\arborist\build-ideal-tree.js:945:18)
659 verbose stack     at async Arborist.buildIdealTree (C:\Program Files\nodejs\node_modules\npm\node_modules\@npmcli\arborist\lib\arborist\build-ideal-tree.js:182:7)
659 verbose stack     at async Promise.all (index 1)
659 verbose stack     at async Arborist.reify (C:\Program Files\nodejs\node_modules\npm\node_modules\@npmcli\arborist\lib\arborist\reify.js:114:5)
659 verbose stack     at async Install.exec (C:\Program Files\nodejs\node_modules\npm\lib\commands\install.js:150:5)
659 verbose stack     at async Npm.exec (C:\Program Files\nodejs\node_modules\npm\lib\npm.js:208:9)
659 verbose stack     at async module.exports (C:\Program Files\nodejs\node_modules\npm\lib\cli\entry.js:67:5)
660 error code ERESOLVE
661 error ERESOLVE could not resolve
662 error
663 error While resolving: bullmq@5.81.3
663 error Found: redis@4.7.1
663 error node_modules/redis
663 error   redis@"^4.6.13" from the root project
663 error
663 error Could not resolve dependency:
663 error peerOptional redis@">=5.0.0" from bullmq@5.81.3
663 error node_modules/bullmq
663 error   bullmq@"^5.1.0" from the root project
663 error
663 error Conflicting peer dependency: redis@6.2.1
663 error node_modules/redis
663 error   peerOptional redis@">=5.0.0" from bullmq@5.81.3
663 error   node_modules/bullmq
663 error     bullmq@"^5.1.0" from the root project
663 error
663 error Fix the upstream dependency conflict, or retry
663 error this command with --force or --legacy-peer-deps
663 error to accept an incorrect (and potentially broken) dependency resolution.
664 error
664 error
664 error For a full report see:
664 error C:\Users\vedan\Downloads\AVRGREEN-Nursery-Management-System-main\AVRGREEN-Nursery-Management-System-main\backend\.npm-cache\_logs\2026-08-26T16_14_51_348Z-eresolve-report.txt
665 silly unfinished npm timer reify 1787760891891
666 silly unfinished npm timer reify:loadTrees 1787760891894
667 silly unfinished npm timer idealTree:buildDeps 1787760891906
668 silly unfinished npm timer idealTree:node_modules/bullmq 1787760893554
669 verbose cwd C:\Users\vedan\Downloads\AVRGREEN-Nursery-Management-System-main\AVRGREEN-Nursery-Management-System-main\backend
670 verbose os Windows_NT 10.0.26220
671 verbose node v25.2.1
672 verbose npm  v11.6.2
673 verbose exit 1
674 verbose code 1
675 error A complete log of this run can be found in: C:\Users\vedan\Downloads\AVRGREEN-Nursery-Management-System-main\AVRGREEN-Nursery-Management-System-main\backend\.npm-cache\_logs\2026-08-26T16_14_51_348Z-debug-0.log
